<html>
<body>
<pre>
<h1>µVision Build Log</h1>
<h2>Project:</h2>
E:\mini_board\OneNET_Mini_Demo_ESP8266_HTTP_HT\Project\onenetdemo.uvproj
Project File Date:  11/15/2016

<h2>Output:</h2>
Build target 'OneNET_Demo_ESP8266_HTTP_HT'
compiling main.c...
compiling esp8266.c...
linking...
Program Size: Code=13092 RO-data=1000 RW-data=52 ZI-data=2052  
"..\object\onenetdemo.axf" - 0 Error(s), 0 Warning(s).
Build target 'OneNET_Demo_ESP8266_HTTP_HT'
assembling startup_stm32f10x_md.s...
linking...
Program Size: Code=13092 RO-data=1000 RW-data=52 ZI-data=2052  
"..\object\onenetdemo.axf" - 0 Error(s), 0 Warning(s).
Load "..\\object\\onenetdemo.AXF" 
Full Chip Erase Done.
Programming Done.
Verify OK.
Application running ...
Build target 'OneNET_Demo_ESP8266_HTTP_HT'
linking...
Program Size: Code=13092 RO-data=1000 RW-data=52 ZI-data=2052  
"..\object\onenetdemo.axf" - 0 Error(s), 0 Warning(s).
Load "..\\object\\onenetdemo.AXF" 
Full Chip Erase Done.
Programming Done.
Verify OK.
Application running ...
Clean started: Project: 'onenetdemo'
   deleting intermediate output files for target 'OneNET_Demo_ESP8266_HTTP_HT'
