Component: ARM Compiler 5.06 update 4 (build 422) Tool: armlink [4d35d2]

==============================================================================

Section Cross References

    stm32f10x_it.o(.text) refers to usart.o(.text) for UsartPrintf
    system_stm32f10x.o(.text) refers to system_stm32f10x.o(.data) for SystemCoreClock
    startup_stm32f10x_hd.o(STACK) refers (Special) to heapauxi.o(.text) for __use_two_region_memory
    startup_stm32f10x_hd.o(HEAP) refers (Special) to heapauxi.o(.text) for __use_two_region_memory
    startup_stm32f10x_hd.o(RESET) refers (Special) to heapauxi.o(.text) for __use_two_region_memory
    startup_stm32f10x_hd.o(RESET) refers to startup_stm32f10x_hd.o(STACK) for __initial_sp
    startup_stm32f10x_hd.o(RESET) refers to startup_stm32f10x_hd.o(.text) for Reset_Handler
    startup_stm32f10x_hd.o(RESET) refers to stm32f10x_it.o(.text) for NMI_Handler
    startup_stm32f10x_hd.o(RESET) refers to usart.o(.text) for USART1_IRQHandler
    startup_stm32f10x_hd.o(RESET) refers to net_io.o(.text) for USART2_IRQHandler
    startup_stm32f10x_hd.o(RESET) refers to hwtimer.o(.text) for TIM6_IRQHandler
    startup_stm32f10x_hd.o(.text) refers (Special) to heapauxi.o(.text) for __use_two_region_memory
    startup_stm32f10x_hd.o(.text) refers to system_stm32f10x.o(.text) for SystemInit
    startup_stm32f10x_hd.o(.text) refers to __main.o(!!!main) for __main
    startup_stm32f10x_hd.o(.text) refers to startup_stm32f10x_hd.o(HEAP) for Heap_Mem
    startup_stm32f10x_hd.o(.text) refers to startup_stm32f10x_hd.o(STACK) for Stack_Mem
    stm32f10x_gpio.o(.text) refers to stm32f10x_rcc.o(.text) for RCC_APB2PeriphResetCmd
    stm32f10x_rcc.o(.text) refers to stm32f10x_rcc.o(.data) for APBAHBPrescTable
    stm32f10x_tim.o(.text) refers to stm32f10x_rcc.o(.text) for RCC_APB2PeriphResetCmd
    stm32f10x_usart.o(.text) refers to stm32f10x_rcc.o(.text) for RCC_APB2PeriphResetCmd
    stm32f10x_adc.o(.text) refers to stm32f10x_rcc.o(.text) for RCC_APB2PeriphResetCmd
    adxl345.o(.text) refers to delay.o(.text) for DelayUs
    adxl345.o(.text) refers to i2c.o(.text) for I2C_ReadByte
    adxl345.o(.text) refers to fflt_clz.o(x$fpl$ffltu) for __aeabi_ui2f
    adxl345.o(.text) refers to f2d.o(x$fpl$f2d) for __aeabi_f2d
    adxl345.o(.text) refers to dmul.o(x$fpl$dmul) for __aeabi_dmul
    adxl345.o(.text) refers to d2f.o(x$fpl$d2f) for __aeabi_d2f
    adxl345.o(.text) refers to adxl345.o(.bss) for adxlInfo
    at24c02.o(.text) refers to i2c.o(.text) for I2C_WriteByte
    at24c02.o(.text) refers to delay.o(.text) for DelayXms
    beep.o(.text) refers to stm32f10x_gpio.o(.text) for GPIO_WriteBit
    beep.o(.text) refers to stm32f10x_rcc.o(.text) for RCC_APB2PeriphClockCmd
    beep.o(.text) refers to beep.o(.data) for beepInfo
    delay.o(.text) refers to delay.o(.data) for UsCount
    hwtimer.o(.text) refers to stm32f10x_rcc.o(.text) for RCC_APB2PeriphClockCmd
    hwtimer.o(.text) refers to stm32f10x_gpio.o(.text) for GPIO_Init
    hwtimer.o(.text) refers to stm32f10x_tim.o(.text) for TIM_TimeBaseInit
    hwtimer.o(.text) refers to misc.o(.text) for NVIC_Init
    hwtimer.o(.text) refers to net_device.o(.text) for NET_DEVICE_ReConfig
    hwtimer.o(.text) refers to hwtimer.o(.data) for timInfo
    hwtimer.o(.text) refers to onenet.o(.data) for oneNetInfo
    hwtimer.o(.text) refers to selfcheck.o(.data) for checkInfo
    i2c.o(.text) refers to stm32f10x_rcc.o(.text) for RCC_APB2PeriphClockCmd
    i2c.o(.text) refers to stm32f10x_gpio.o(.text) for GPIO_Init
    i2c.o(.text) refers to delay.o(.text) for DelayUs
    i2c.o(.text) refers to usart.o(.text) for UsartPrintf
    i2c.o(.text) refers to i2c.o(.data) for iicInfo
    info.o(.text) refers to at24c02.o(.text) for AT24C02_ReadByte
    info.o(.text) refers to strstr.o(.text) for strstr
    key.o(.text) refers to stm32f10x_rcc.o(.text) for RCC_APB2PeriphClockCmd
    key.o(.text) refers to stm32f10x_gpio.o(.text) for GPIO_Init
    key.o(.text) refers to key.o(.data) for keyStatus
    led.o(.text) refers to stm32f10x_gpio.o(.text) for GPIO_WriteBit
    led.o(.text) refers to stm32f10x_rcc.o(.text) for RCC_APB2PeriphClockCmd
    led.o(.text) refers to led.o(.data) for ledStatus
    oled.o(.text) refers to stm32f10x_gpio.o(.text) for GPIO_SetBits
    oled.o(.text) refers to delay.o(.text) for DelayUs
    oled.o(.text) refers to i2c.o(.text) for IIC_Start
    oled.o(.text) refers to stm32f10x_tim.o(.text) for TIM_Cmd
    oled.o(.text) refers to c89vsprintf.o(.text) for __c89vsprintf
    oled.o(.text) refers to i2c.o(.data) for iicInfo
    oled.o(.text) refers to selfcheck.o(.data) for checkInfo
    oled.o(.text) refers to oled.o(.constdata) for F6x8
    selfcheck.o(.text) refers to i2c.o(.text) for I2C_ReadByte
    selfcheck.o(.text) refers to usart.o(.text) for UsartPrintf
    selfcheck.o(.text) refers to delay.o(.text) for DelayXms
    selfcheck.o(.text) refers to oled.o(.text) for OLED_WriteCom
    selfcheck.o(.text) refers to selfcheck.o(.data) for checkInfo
[...]
    _printf_llo                              0x08000203   Thumb Code     0  _printf_llo.o(.ARM.Collect$$_printf_percent$$00000010)
    _printf_llx                              0x08000209   Thumb Code     0  _printf_llx.o(.ARM.Collect$$_printf_percent$$00000011)
    _printf_l                                0x0800020f   Thumb Code     0  _printf_l.o(.ARM.Collect$$_printf_percent$$00000012)
    _printf_c                                0x08000219   Thumb Code     0  _printf_c.o(.ARM.Collect$$_printf_percent$$00000013)
    _printf_s                                0x0800021f   Thumb Code     0  _printf_s.o(.ARM.Collect$$_printf_percent$$00000014)
    _printf_lc                               0x08000225   Thumb Code     0  _printf_lc.o(.ARM.Collect$$_printf_percent$$00000015)
    _printf_ls                               0x0800022b   Thumb Code     0  _printf_ls.o(.ARM.Collect$$_printf_percent$$00000016)
    _printf_percent_end                      0x08000231   Thumb Code     0  _printf_percent_end.o(.ARM.Collect$$_printf_percent$$00000017)
    __rt_lib_init                            0x08000235   Thumb Code     0  libinit.o(.ARM.Collect$$libinit$$00000000)
    __rt_lib_init_fp_1                       0x08000237   Thumb Code     0  libinit2.o(.ARM.Collect$$libinit$$00000002)
    __rt_lib_init_heap_1                     0x08000237   Thumb Code     0  libinit2.o(.ARM.Collect$$libinit$$0000000A)
    __rt_lib_init_lc_common                  0x08000237   Thumb Code     0  libinit2.o(.ARM.Collect$$libinit$$0000000F)
    __rt_lib_init_preinit_1                  0x08000237   Thumb Code     0  libinit2.o(.ARM.Collect$$libinit$$00000004)
    __rt_lib_init_rand_1                     0x08000237   Thumb Code     0  libinit2.o(.ARM.Collect$$libinit$$0000000E)
    __rt_lib_init_user_alloc_1               0x08000237   Thumb Code     0  libinit2.o(.ARM.Collect$$libinit$$0000000C)
    __rt_lib_init_lc_collate_1               0x0800023d   Thumb Code     0  libinit2.o(.ARM.Collect$$libinit$$00000011)
    __rt_lib_init_lc_ctype_2                 0x0800023d   Thumb Code     0  libinit2.o(.ARM.Collect$$libinit$$00000012)
    __rt_lib_init_lc_ctype_1                 0x08000249   Thumb Code     0  libinit2.o(.ARM.Collect$$libinit$$00000013)
    __rt_lib_init_lc_monetary_1              0x08000249   Thumb Code     0  libinit2.o(.ARM.Collect$$libinit$$00000015)
    __rt_lib_init_lc_numeric_2               0x08000249   Thumb Code     0  libinit2.o(.ARM.Collect$$libinit$$00000016)
    __rt_lib_init_alloca_1                   0x08000253   Thumb Code     0  libinit2.o(.ARM.Collect$$libinit$$0000002E)
    __rt_lib_init_argv_1                     0x08000253   Thumb Code     0  libinit2.o(.ARM.Collect$$libinit$$0000002C)
    __rt_lib_init_atexit_1                   0x08000253   Thumb Code     0  libinit2.o(.ARM.Collect$$libinit$$0000001B)
    __rt_lib_init_clock_1                    0x08000253   Thumb Code     0  libinit2.o(.ARM.Collect$$libinit$$00000021)
    __rt_lib_init_cpp_1                      0x08000253   Thumb Code     0  libinit2.o(.ARM.Collect$$libinit$$00000032)
    __rt_lib_init_exceptions_1               0x08000253   Thumb Code     0  libinit2.o(.ARM.Collect$$libinit$$00000030)
    __rt_lib_init_fp_trap_1                  0x08000253   Thumb Code     0  libinit2.o(.ARM.Collect$$libinit$$0000001F)
    __rt_lib_init_getenv_1                   0x08000253   Thumb Code     0  libinit2.o(.ARM.Collect$$libinit$$00000023)
    __rt_lib_init_lc_numeric_1               0x08000253   Thumb Code     0  libinit2.o(.ARM.Collect$$libinit$$00000017)
    __rt_lib_init_lc_time_1                  0x08000253   Thumb Code     0  libinit2.o(.ARM.Collect$$libinit$$00000019)
    __rt_lib_init_return                     0x08000253   Thumb Code     0  libinit2.o(.ARM.Collect$$libinit$$00000033)
    __rt_lib_init_signal_1                   0x08000253   Thumb Code     0  libinit2.o(.ARM.Collect$$libinit$$0000001D)
    __rt_lib_init_stdio_1                    0x08000253   Thumb Code     0  libinit2.o(.ARM.Collect$$libinit$$00000025)
    __rt_lib_shutdown                        0x08000255   Thumb Code     0  libshutdown.o(.ARM.Collect$$libshutdown$$00000000)
    __rt_lib_shutdown_cpp_1                  0x08000257   Thumb Code     0  libshutdown2.o(.ARM.Collect$$libshutdown$$00000002)
    __rt_lib_shutdown_fp_trap_1              0x08000257   Thumb Code     0  libshutdown2.o(.ARM.Collect$$libshutdown$$00000007)
    __rt_lib_shutdown_heap_1                 0x08000257   Thumb Code     0  libshutdown2.o(.ARM.Collect$$libshutdown$$0000000F)
    __rt_lib_shutdown_return                 0x08000257   Thumb Code     0  libshutdown2.o(.ARM.Collect$$libshutdown$$00000010)
    __rt_lib_shutdown_signal_1               0x08000257   Thumb Code     0  libshutdown2.o(.ARM.Collect$$libshutdown$$0000000A)
    __rt_lib_shutdown_stdio_1                0x08000257   Thumb Code     0  libshutdown2.o(.ARM.Collect$$libshutdown$$00000004)
    __rt_lib_shutdown_user_alloc_1           0x08000257   Thumb Code     0  libshutdown2.o(.ARM.Collect$$libshutdown$$0000000C)
    __rt_entry                               0x08000259   Thumb Code     0  __rtentry.o(.ARM.Collect$$rtentry$$00000000)
    __rt_entry_presh_1                       0x08000259   Thumb Code     0  __rtentry2.o(.ARM.Collect$$rtentry$$00000002)
    __rt_entry_sh                            0x08000259   Thumb Code     0  __rtentry4.o(.ARM.Collect$$rtentry$$00000004)
    __rt_entry_li                            0x0800025f   Thumb Code     0  __rtentry2.o(.ARM.Collect$$rtentry$$0000000A)
    __rt_entry_postsh_1                      0x0800025f   Thumb Code     0  __rtentry2.o(.ARM.Collect$$rtentry$$00000009)
    __rt_entry_main                          0x08000263   Thumb Code     0  __rtentry2.o(.ARM.Collect$$rtentry$$0000000D)
    __rt_entry_postli_1                      0x08000263   Thumb Code     0  __rtentry2.o(.ARM.Collect$$rtentry$$0000000C)
    __rt_exit                                0x0800026b   Thumb Code     0  rtexit.o(.ARM.Collect$$rtexit$$00000000)
    __rt_exit_ls                             0x0800026d   Thumb Code     0  rtexit2.o(.ARM.Collect$$rtexit$$00000003)
    __rt_exit_prels_1                        0x0800026d   Thumb Code     0  rtexit2.o(.ARM.Collect$$rtexit$$00000002)
    __rt_exit_exit                           0x08000271   Thumb Code     0  rtexit2.o(.ARM.Collect$$rtexit$$00000004)
    NMI_Handler                              0x08000279   Thumb Code     2  stm32f10x_it.o(.text)
    HardFault_Handler                        0x0800027b   Thumb Code    12  stm32f10x_it.o(.text)
    MemManage_Handler                        0x08000287   Thumb Code    12  stm32f10x_it.o(.text)
    BusFault_Handler                         0x08000293   Thumb Code    12  stm32f10x_it.o(.text)
    UsageFault_Handler                       0x0800029f   Thumb Code    12  stm32f10x_it.o(.text)
    SVC_Handler                              0x080002ab   Thumb Code     2  stm32f10x_it.o(.text)
    DebugMon_Handler                         0x080002ad   Thumb Code     2  stm32f10x_it.o(.text)
    SysTick_Handler                          0x080002af   Thumb Code     2  stm32f10x_it.o(.text)
    EXTI0_IRQHandler                         0x080002b1   Thumb Code     2  stm32f10x_it.o(.text)
    RTC_IRQHandler                           0x080002b3   Thumb Code     2  stm32f10x_it.o(.text)
    SystemInit                               0x0800048b   Thumb Code    78  system_stm32f10x.o(.text)
    SystemCoreClockUpdate                    0x080004d9   Thumb Code   142  system_stm32f10x.o(.text)
    Reset_Handler                            0x08000595   Thumb Code     8  startup_stm32f10x_hd.o(.text)
    PendSV_Handler                           0x080005ab   Thumb Code     2  startup_stm32f10x_hd.o(.text)
    ADC1_2_IRQHandler                        0x080005af   Thumb Code     0  startup_stm32f10x_hd.o(.text)
    ADC3_IRQHandler                          0x080005af   Thumb Code     0  startup_stm32f10x_hd.o(.text)
    CAN1_RX1_IRQHandler                      0x080005af   Thumb Code     0  startup_stm32f10x_hd.o(.text)
    CAN1_SCE_IRQHandler                      0x080005af   Thumb Code     0  startup_stm32f10x_hd.o(.text)
    DMA1_Channel1_IRQHandler                 0x080005af   Thumb Code     0  startup_stm32f10x_hd.o(.text)
    DMA1_Channel2_IRQHandler                 0x080005af   Thumb Code     0  startup_stm32f10x_hd.o(.text)
    DMA1_Channel3_IRQHandler                 0x080005af   Thumb Code     0  startup_stm32f10x_hd.o(.text)
    DMA1_Channel4_IRQHandler                 0x080005af   Thumb Code     0  startup_stm32f10x_hd.o(.text)
    DMA1_Channel5_IRQHandler                 0x080005af   Thumb Code     0  startup_stm32f10x_hd.o(.text)
    DMA1_Channel6_IRQHandler                 0x080005af   Thumb Code     0  startup_stm32f10x_hd.o(.text)
    DMA1_Channel7_IRQHandler                 0x080005af   Thumb Code     0  startup_stm32f10x_hd.o(.text)
    DMA2_Channel1_IRQHandler                 0x080005af   Thumb Code     0  startup_stm32f10x_hd.o(.text)
    DMA2_Channel2_IRQHandler                 0x080005af   Thumb Code     0  startup_stm32f10x_hd.o(.text)
    DMA2_Channel3_IRQHandler                 0x080005af   Thumb Code     0  startup_stm32f10x_hd.o(.text)
    DMA2_Channel4_5_IRQHandler               0x080005af   Thumb Code     0  startup_stm32f10x_hd.o(.text)
    EXTI15_10_IRQHandler                     0x080005af   Thumb Code     0  startup_stm32f10x_hd.o(.text)
    EXTI1_IRQHandler                         0x080005af   Thumb Code     0  startup_stm32f10x_hd.o(.text)
    EXTI2_IRQHandler                         0x080005af   Thumb Code     0  startup_stm32f10x_hd.o(.text)
    EXTI3_IRQHandler                         0x080005af   Thumb Code     0  startup_stm32f10x_hd.o(.text)
    EXTI4_IRQHandler                         0x080005af   Thumb Code     0  startup_stm32f10x_hd.o(.text)
    EXTI9_5_IRQHandler                       0x080005af   Thumb Code     0  startup_stm32f10x_hd.o(.text)
    FLASH_IRQHandler                         0x080005af   Thumb Code     0  startup_stm32f10x_hd.o(.text)
    FSMC_IRQHandler                          0x080005af   Thumb Code     0  startup_stm32f10x_hd.o(.text)
    I2C1_ER_IRQHandler                       0x080005af   Thumb Code     0  startup_stm32f10x_hd.o(.text)
    I2C1_EV_IRQHandler                       0x080005af   Thumb Code     0  startup_stm32f10x_hd.o(.text)
    I2C2_ER_IRQHandler                       0x080005af   Thumb Code     0  startup_stm32f10x_hd.o(.text)
    I2C2_EV_IRQHandler                       0x080005af   Thumb Code     0  startup_stm32f10x_hd.o(.text)
    PVD_IRQHandler                           0x080005af   Thumb Code     0  startup_stm32f10x_hd.o(.text)
    RCC_IRQHandler                           0x080005af   Thumb Code     0  startup_stm32f10x_hd.o(.text)
    RTCAlarm_IRQHandler                      0x080005af   Thumb Code     0  startup_stm32f10x_hd.o(.text)
    SDIO_IRQHandler                          0x080005af   Thumb Code     0  startup_stm32f10x_hd.o(.text)
    SPI1_IRQHandler                          0x080005af   Thumb Code     0  startup_stm32f10x_hd.o(.text)
    SPI2_IRQHandler                          0x080005af   Thumb Code     0  startup_stm32f10x_hd.o(.text)
    SPI3_IRQHandler                          0x080005af   Thumb Code     0  startup_stm32f10x_hd.o(.text)
    TAMPER_IRQHandler                        0x080005af   Thumb Code     0  startup_stm32f10x_hd.o(.text)
    TIM1_BRK_IRQHandler                      0x080005af   Thumb Code     0  startup_stm32f10x_hd.o(.text)
    TIM1_CC_IRQHandler                       0x080005af   Thumb Code     0  startup_stm32f10x_hd.o(.text)
    TIM1_TRG_COM_IRQHandler                  0x080005af   Thumb Code     0  startup_stm32f10x_hd.o(.text)
    TIM1_UP_IRQHandler                       0x080005af   Thumb Code     0  startup_stm32f10x_hd.o(.text)
    TIM2_IRQHandler                          0x080005af   Thumb Code     0  startup_stm32f10x_hd.o(.text)
    TIM3_IRQHandler                          0x080005af   Thumb Code     0  startup_stm32f10x_hd.o(.text)
    TIM4_IRQHandler                          0x080005af   Thumb Code     0  startup_stm32f10x_hd.o(.text)
    TIM5_IRQHandler                          0x080005af   Thumb Code     0  startup_stm32f10x_hd.o(.text)
    TIM8_BRK_IRQHandler                      0x080005af   Thumb Code     0  startup_stm32f10x_hd.o(.text)
    TIM8_CC_IRQHandler                       0x080005af   Thumb Code     0  startup_stm32f10x_hd.o(.text)
    TIM8_TRG_COM_IRQHandler                  0x080005af   Thumb Code     0  startup_stm32f10x_hd.o(.text)
    TIM8_UP_IRQHandler                       0x080005af   Thumb Code     0  startup_stm32f10x_hd.o(.text)
    UART4_IRQHandler                         0x080005af   Thumb Code     0  startup_stm32f10x_hd.o(.text)
    UART5_IRQHandler                         0x080005af   Thumb Code     0  startup_stm32f10x_hd.o(.text)
    USART3_IRQHandler                        0x080005af   Thumb Code     0  startup_stm32f10x_hd.o(.text)
    USBWakeUp_IRQHandler                     0x080005af   Thumb Code     0  startup_stm32f10x_hd.o(.text)
    USB_HP_CAN1_TX_IRQHandler                0x080005af   Thumb Code     0  startup_stm32f10x_hd.o(.text)
    USB_LP_CAN1_RX0_IRQHandler               0x080005af   Thumb Code     0  startup_stm32f10x_hd.o(.text)
    WWDG_IRQHandler                          0x080005af   Thumb Code     0  startup_stm32f10x_hd.o(.text)
    __user_initial_stackheap                 0x080005b1   Thumb Code     0  startup_stm32f10x_hd.o(.text)
    NVIC_PriorityGroupConfig                 0x080005d5   Thumb Code    10  misc.o(.text)
    NVIC_Init                                0x080005df   Thumb Code   100  misc.o(.text)
    NVIC_SetVectorTable                      0x08000643   Thumb Code    14  misc.o(.text)
    NVIC_SystemLPConfig                      0x08000651   Thumb Code    34  misc.o(.text)
    SysTick_CLKSourceConfig                  0x08000673   Thumb Code    40  misc.o(.text)
    GPIO_DeInit                              0x080006b1   Thumb Code   172  stm32f10x_gpio.o(.text)
    GPIO_AFIODeInit                          0x0800075d   Thumb Code    20  stm32f10x_gpio.o(.text)
    GPIO_Init                                0x08000771   Thumb Code   278  stm32f10x_gpio.o(.text)
    GPIO_StructInit                          0x08000887   Thumb Code    16  stm32f10x_gpio.o(.text)
    GPIO_ReadInputDataBit                    0x08000897   Thumb Code    18  stm32f10x_gpio.o(.text)
    GPIO_ReadInputData                       0x080008a9   Thumb Code     8  stm32f10x_gpio.o(.text)
    GPIO_ReadOutputDataBit                   0x080008b1   Thumb Code    18  stm32f10x_gpio.o(.text)
    GPIO_ReadOutputData                      0x080008c3   Thumb Code     8  stm32f10x_gpio.o(.text)
    GPIO_SetBits                             0x080008cb   Thumb Code     4  stm32f10x_gpio.o(.text)
    GPIO_ResetBits                           0x080008cf   Thumb Code     4  stm32f10x_gpio.o(.text)
    GPIO_WriteBit                            0x080008d3   Thumb Code    10  stm32f10x_gpio.o(.text)
    GPIO_Write                               0x080008dd   Thumb Code     4  stm32f10x_gpio.o(.text)
    GPIO_PinLockConfig                       0x080008e1   Thumb Code    18  stm32f10x_gpio.o(.text)
    GPIO_EventOutputConfig                   0x080008f3   Thumb Code    26  stm32f10x_gpio.o(.text)
    GPIO_EventOutputCmd                      0x0800090d   Thumb Code     6  stm32f10x_gpio.o(.text)
    GPIO_PinRemapConfig                      0x08000913   Thumb Code   138  stm32f10x_gpio.o(.text)
    GPIO_EXTILineConfig                      0x0800099d   Thumb Code    66  stm32f10x_gpio.o(.text)
    GPIO_ETH_MediaInterfaceConfig            0x080009df   Thumb Code     8  stm32f10x_gpio.o(.text)
    RCC_DeInit                               0x08000a0d   Thumb Code    64  stm32f10x_rcc.o(.text)
    RCC_HSEConfig                            0x08000a4d   Thumb Code    70  stm32f10x_rcc.o(.text)
    RCC_GetFlagStatus                        0x08000a93   Thumb Code    56  stm32f10x_rcc.o(.text)
    RCC_WaitForHSEStartUp                    0x08000acb   Thumb Code    56  stm32f10x_rcc.o(.text)
    RCC_AdjustHSICalibrationValue            0x08000b03   Thumb Code    20  stm32f10x_rcc.o(.text)
    RCC_HSICmd                               0x08000b17   Thumb Code     6  stm32f10x_rcc.o(.text)
    RCC_PLLConfig                            0x08000b1d   Thumb Code    24  stm32f10x_rcc.o(.text)
    RCC_PLLCmd                               0x08000b35   Thumb Code     6  stm32f10x_rcc.o(.text)
    RCC_SYSCLKConfig                         0x08000b3b   Thumb Code    18  stm32f10x_rcc.o(.text)
    RCC_GetSYSCLKSource                      0x08000b4d   Thumb Code    10  stm32f10x_rcc.o(.text)
    RCC_HCLKConfig                           0x08000b57   Thumb Code    18  stm32f10x_rcc.o(.text)
    RCC_PCLK1Config                          0x08000b69   Thumb Code    18  stm32f10x_rcc.o(.text)
    RCC_PCLK2Config                          0x08000b7b   Thumb Code    20  stm32f10x_rcc.o(.text)
    RCC_ITConfig                             0x08000b8f   Thumb Code    26  stm32f10x_rcc.o(.text)
    RCC_USBCLKConfig                         0x08000ba9   Thumb Code     8  stm32f10x_rcc.o(.text)
    RCC_ADCCLKConfig                         0x08000bb1   Thumb Code    18  stm32f10x_rcc.o(.text)
    RCC_LSEConfig                            0x08000bc3   Thumb Code    50  stm32f10x_rcc.o(.text)
    RCC_LSICmd                               0x08000bf5   Thumb Code     6  stm32f10x_rcc.o(.text)
    RCC_RTCCLKConfig                         0x08000bfb   Thumb Code    12  stm32f10x_rcc.o(.text)
    RCC_RTCCLKCmd                            0x08000c07   Thumb Code     8  stm32f10x_rcc.o(.text)
    RCC_GetClocksFreq                        0x08000c0f   Thumb Code   192  stm32f10x_rcc.o(.text)
    RCC_AHBPeriphClockCmd                    0x08000ccf   Thumb Code    26  stm32f10x_rcc.o(.text)
    RCC_APB2PeriphClockCmd                   0x08000ce9   Thumb Code    26  stm32f10x_rcc.o(.text)
    RCC_APB1PeriphClockCmd                   0x08000d03   Thumb Code    26  stm32f10x_rcc.o(.text)
    RCC_APB2PeriphResetCmd                   0x08000d1d   Thumb Code    26  stm32f10x_rcc.o(.text)
    RCC_APB1PeriphResetCmd                   0x08000d37   Thumb Code    26  stm32f10x_rcc.o(.text)
    RCC_BackupResetCmd                       0x08000d51   Thumb Code     8  stm32f10x_rcc.o(.text)
    RCC_ClockSecuritySystemCmd               0x08000d59   Thumb Code     6  stm32f10x_rcc.o(.text)
    RCC_MCOConfig                            0x08000d5f   Thumb Code     6  stm32f10x_rcc.o(.text)
    RCC_ClearFlag                            0x08000d65   Thumb Code    14  stm32f10x_rcc.o(.text)
    RCC_GetITStatus                          0x08000d73   Thumb Code    20  stm32f10x_rcc.o(.text)
    RCC_ClearITPendingBit                    0x08000d87   Thumb Code     6  stm32f10x_rcc.o(.text)
    TIM_DeInit                               0x08000db9   Thumb Code   424  stm32f10x_tim.o(.text)
    TIM_TimeBaseInit                         0x08000f61   Thumb Code   122  stm32f10x_tim.o(.text)
    TIM_OC1Init                              0x08000fdb   Thumb Code   132  stm32f10x_tim.o(.text)
    TIM_OC2Init                              0x0800105f   Thumb Code   154  stm32f10x_tim.o(.text)
    TIM_OC3Init                              0x080010f9   Thumb Code   150  stm32f10x_tim.o(.text)
    TIM_OC4Init                              0x0800118f   Thumb Code   182  stm32f10x_tim.o(.text)
    TIM_SetIC4Prescaler                      0x08001245   Thumb Code    26  stm32f10x_tim.o(.text)
    TIM_SetIC3Prescaler                      0x080012e1   Thumb Code    18  stm32f10x_tim.o(.text)
    TIM_SetIC2Prescaler                      0x0800136d   Thumb Code    26  stm32f10x_tim.o(.text)
    TIM_SetIC1Prescaler                      0x08001409   Thumb Code    18  stm32f10x_tim.o(.text)
    TIM_ICInit                               0x08001487   Thumb Code   150  stm32f10x_tim.o(.text)
    TIM_PWMIConfig                           0x0800151d   Thumb Code   124  stm32f10x_tim.o(.text)
    TIM_BDTRConfig                           0x08001599   Thumb Code    32  stm32f10x_tim.o(.text)
    TIM_TimeBaseStructInit                   0x080015b9   Thumb Code    18  stm32f10x_tim.o(.text)
    TIM_OCStructInit                         0x080015cb   Thumb Code    20  stm32f10x_tim.o(.text)
    TIM_ICStructInit                         0x080015df   Thumb Code    18  stm32f10x_tim.o(.text)
    TIM_BDTRStructInit                       0x080015f1   Thumb Code    40  stm32f10x_tim.o(.text)
    TIM_Cmd                                  0x08001619   Thumb Code    24  stm32f10x_tim.o(.text)
    TIM_CtrlPWMOutputs                       0x08001631   Thumb Code    30  stm32f10x_tim.o(.text)
    TIM_ITConfig                             0x0800164f   Thumb Code    18  stm32f10x_tim.o(.text)
    TIM_GenerateEvent                        0x08001661   Thumb Code     4  stm32f10x_tim.o(.text)
    TIM_DMAConfig                            0x08001665   Thumb Code    10  stm32f10x_tim.o(.text)
    TIM_DMACmd                               0x0800166f   Thumb Code    18  stm32f10x_tim.o(.text)
    TIM_InternalClockConfig                  0x08001681   Thumb Code    12  stm32f10x_tim.o(.text)
    TIM_SelectInputTrigger                   0x0800168d   Thumb Code    18  stm32f10x_tim.o(.text)
    TIM_ITRxExternalClockConfig              0x0800169f   Thumb Code    24  stm32f10x_tim.o(.text)
    TIM_TIxExternalClockConfig               0x080016b7   Thumb Code    62  stm32f10x_tim.o(.text)
    TIM_ETRConfig                            0x080016f5   Thumb Code    28  stm32f10x_tim.o(.text)
    TIM_ETRClockMode1Config                  0x08001711   Thumb Code    54  stm32f10x_tim.o(.text)
    TIM_ETRClockMode2Config                  0x08001747   Thumb Code    32  stm32f10x_tim.o(.text)
    TIM_PrescalerConfig                      0x08001767   Thumb Code     6  stm32f10x_tim.o(.text)
    TIM_CounterModeConfig                    0x0800176d   Thumb Code    18  stm32f10x_tim.o(.text)
    TIM_EncoderInterfaceConfig               0x0800177f   Thumb Code    66  stm32f10x_tim.o(.text)
    TIM_ForcedOC1Config                      0x080017c1   Thumb Code    18  stm32f10x_tim.o(.text)
    TIM_ForcedOC2Config                      0x080017d3   Thumb Code    26  stm32f10x_tim.o(.text)
    TIM_ForcedOC3Config                      0x080017ed   Thumb Code    18  stm32f10x_tim.o(.text)
    TIM_ForcedOC4Config                      0x080017ff   Thumb Code    26  stm32f10x_tim.o(.text)
    TIM_ARRPreloadConfig                     0x08001819   Thumb Code    24  stm32f10x_tim.o(.text)
    TIM_SelectCOM                            0x08001831   Thumb Code    24  stm32f10x_tim.o(.text)
    TIM_SelectCCDMA                          0x08001849   Thumb Code    24  stm32f10x_tim.o(.text)
    TIM_CCPreloadControl                     0x08001861   Thumb Code    24  stm32f10x_tim.o(.text)
    TIM_OC1PreloadConfig                     0x08001879   Thumb Code    18  stm32f10x_tim.o(.text)
    TIM_OC2PreloadConfig                     0x0800188b   Thumb Code    26  stm32f10x_tim.o(.text)
    TIM_OC3PreloadConfig                     0x080018a5   Thumb Code    18  stm32f10x_tim.o(.text)
    TIM_OC4PreloadConfig                     0x080018b7   Thumb Code    26  stm32f10x_tim.o(.text)
    TIM_OC1FastConfig                        0x080018d1   Thumb Code    18  stm32f10x_tim.o(.text)
    TIM_OC2FastConfig                        0x080018e3   Thumb Code    26  stm32f10x_tim.o(.text)
    TIM_OC3FastConfig                        0x080018fd   Thumb Code    18  stm32f10x_tim.o(.text)
    TIM_OC4FastConfig                        0x0800190f   Thumb Code    26  stm32f10x_tim.o(.text)
    TIM_ClearOC1Ref                          0x08001929   Thumb Code    18  stm32f10x_tim.o(.text)
    TIM_ClearOC2Ref                          0x0800193b   Thumb Code    24  stm32f10x_tim.o(.text)
    TIM_ClearOC3Ref                          0x08001953   Thumb Code    18  stm32f10x_tim.o(.text)
    TIM_ClearOC4Ref                          0x08001965   Thumb Code    24  stm32f10x_tim.o(.text)
    TIM_OC1PolarityConfig                    0x0800197d   Thumb Code    18  stm32f10x_tim.o(.text)
    TIM_OC1NPolarityConfig                   0x0800198f   Thumb Code    18  stm32f10x_tim.o(.text)
    TIM_OC2PolarityConfig                    0x080019a1   Thumb Code    26  stm32f10x_tim.o(.text)
    TIM_OC2NPolarityConfig                   0x080019bb   Thumb Code    26  stm32f10x_tim.o(.text)
    TIM_OC3PolarityConfig                    0x080019d5   Thumb Code    26  stm32f10x_tim.o(.text)
    TIM_OC3NPolarityConfig                   0x080019ef   Thumb Code    26  stm32f10x_tim.o(.text)
    TIM_OC4PolarityConfig                    0x08001a09   Thumb Code    26  stm32f10x_tim.o(.text)
    TIM_CCxCmd                               0x08001a23   Thumb Code    30  stm32f10x_tim.o(.text)
    TIM_CCxNCmd                              0x08001a41   Thumb Code    30  stm32f10x_tim.o(.text)
    TIM_SelectOCxM                           0x08001a5f   Thumb Code    82  stm32f10x_tim.o(.text)
    TIM_UpdateDisableConfig                  0x08001ab1   Thumb Code    24  stm32f10x_tim.o(.text)
    TIM_UpdateRequestConfig                  0x08001ac9   Thumb Code    24  stm32f10x_tim.o(.text)
    TIM_SelectHallSensor                     0x08001ae1   Thumb Code    24  stm32f10x_tim.o(.text)
    TIM_SelectOnePulseMode                   0x08001af9   Thumb Code    18  stm32f10x_tim.o(.text)
    TIM_SelectOutputTrigger                  0x08001b0b   Thumb Code    18  stm32f10x_tim.o(.text)
    TIM_SelectSlaveMode                      0x08001b1d   Thumb Code    18  stm32f10x_tim.o(.text)
    TIM_SelectMasterSlaveMode                0x08001b2f   Thumb Code    18  stm32f10x_tim.o(.text)
    TIM_SetCounter                           0x08001b41   Thumb Code     4  stm32f10x_tim.o(.text)
    TIM_SetAutoreload                        0x08001b45   Thumb Code     4  stm32f10x_tim.o(.text)
    TIM_SetCompare1                          0x08001b49   Thumb Code     4  stm32f10x_tim.o(.text)
    TIM_SetCompare2                          0x08001b4d   Thumb Code     4  stm32f10x_tim.o(.text)
    TIM_SetCompare3                          0x08001b51   Thumb Code     4  stm32f10x_tim.o(.text)
    TIM_SetCompare4                          0x08001b55   Thumb Code     6  stm32f10x_tim.o(.text)
    TIM_SetClockDivision                     0x08001b5b   Thumb Code    18  stm32f10x_tim.o(.text)
    TIM_GetCapture1                          0x08001b6d   Thumb Code     6  stm32f10x_tim.o(.text)
    TIM_GetCapture2                          0x08001b73   Thumb Code     6  stm32f10x_tim.o(.text)
    TIM_GetCapture3                          0x08001b79   Thumb Code     6  stm32f10x_tim.o(.text)
    TIM_GetCapture4                          0x08001b7f   Thumb Code     8  stm32f10x_tim.o(.text)
    TIM_GetCounter                           0x08001b87   Thumb Code     6  stm32f10x_tim.o(.text)
    TIM_GetPrescaler                         0x08001b8d   Thumb Code     6  stm32f10x_tim.o(.text)
    TIM_GetFlagStatus                        0x08001b93   Thumb Code    18  stm32f10x_tim.o(.text)
    TIM_ClearFlag                            0x08001ba5   Thumb Code     6  stm32f10x_tim.o(.text)
    TIM_GetITStatus                          0x08001bab   Thumb Code    34  stm32f10x_tim.o(.text)
    TIM_ClearITPendingBit                    0x08001bcd   Thumb Code     6  stm32f10x_tim.o(.text)
    USART_DeInit                             0x08001bd5   Thumb Code   134  stm32f10x_usart.o(.text)
    USART_Init                               0x08001c5b   Thumb Code   210  stm32f10x_usart.o(.text)
    USART_StructInit                         0x08001d2d   Thumb Code    24  stm32f10x_usart.o(.text)
    USART_ClockInit                          0x08001d45   Thumb Code    34  stm32f10x_usart.o(.text)
    USART_ClockStructInit                    0x08001d67   Thumb Code    12  stm32f10x_usart.o(.text)
    USART_Cmd                                0x08001d73   Thumb Code    24  stm32f10x_usart.o(.text)
    USART_ITConfig                           0x08001d8b   Thumb Code    74  stm32f10x_usart.o(.text)
    USART_DMACmd                             0x08001dd5   Thumb Code    18  stm32f10x_usart.o(.text)
    USART_SetAddress                         0x08001de7   Thumb Code    18  stm32f10x_usart.o(.text)
    USART_WakeUpConfig                       0x08001df9   Thumb Code    18  stm32f10x_usart.o(.text)
    USART_ReceiverWakeUpCmd                  0x08001e0b   Thumb Code    24  stm32f10x_usart.o(.text)
    USART_LINBreakDetectLengthConfig         0x08001e23   Thumb Code    18  stm32f10x_usart.o(.text)
    USART_LINCmd                             0x08001e35   Thumb Code    24  stm32f10x_usart.o(.text)
    USART_SendData                           0x08001e4d   Thumb Code     8  stm32f10x_usart.o(.text)
    USART_ReceiveData                        0x08001e55   Thumb Code    10  stm32f10x_usart.o(.text)
    USART_SendBreak                          0x08001e5f   Thumb Code    10  stm32f10x_usart.o(.text)
    USART_SetGuardTime                       0x08001e69   Thumb Code    16  stm32f10x_usart.o(.text)
    USART_SetPrescaler                       0x08001e79   Thumb Code    16  stm32f10x_usart.o(.text)
    USART_SmartCardCmd                       0x08001e89   Thumb Code    24  stm32f10x_usart.o(.text)
    USART_SmartCardNACKCmd                   0x08001ea1   Thumb Code    24  stm32f10x_usart.o(.text)
    USART_HalfDuplexCmd                      0x08001eb9   Thumb Code    24  stm32f10x_usart.o(.text)
    USART_OverSampling8Cmd                   0x08001ed1   Thumb Code    22  stm32f10x_usart.o(.text)
    USART_OneBitMethodCmd                    0x08001ee7   Thumb Code    24  stm32f10x_usart.o(.text)
    USART_IrDAConfig                         0x08001eff   Thumb Code    18  stm32f10x_usart.o(.text)
    USART_IrDACmd                            0x08001f11   Thumb Code    24  stm32f10x_usart.o(.text)
    USART_GetFlagStatus                      0x08001f29   Thumb Code    26  stm32f10x_usart.o(.text)
    USART_ClearFlag                          0x08001f43   Thumb Code    18  stm32f10x_usart.o(.text)
    USART_GetITStatus                        0x08001f55   Thumb Code    84  stm32f10x_usart.o(.text)
    USART_ClearITPendingBit                  0x08001fa9   Thumb Code    52  stm32f10x_usart.o(.text)
    ADC_DeInit                               0x08001fdd   Thumb Code    78  stm32f10x_adc.o(.text)
    ADC_Init                                 0x0800202b   Thumb Code    70  stm32f10x_adc.o(.text)
    ADC_StructInit                           0x08002071   Thumb Code    18  stm32f10x_adc.o(.text)
    ADC_Cmd                                  0x08002083   Thumb Code    22  stm32f10x_adc.o(.text)
    ADC_DMACmd                               0x08002099   Thumb Code    22  stm32f10x_adc.o(.text)
    ADC_ITConfig                             0x080020af   Thumb Code    24  stm32f10x_adc.o(.text)
    ADC_ResetCalibration                     0x080020c7   Thumb Code    10  stm32f10x_adc.o(.text)
    ADC_GetResetCalibrationStatus            0x080020d1   Thumb Code    20  stm32f10x_adc.o(.text)
    ADC_StartCalibration                     0x080020e5   Thumb Code    10  stm32f10x_adc.o(.text)
    ADC_GetCalibrationStatus                 0x080020ef   Thumb Code    20  stm32f10x_adc.o(.text)
    ADC_SoftwareStartConvCmd                 0x08002103   Thumb Code    22  stm32f10x_adc.o(.text)
    ADC_GetSoftwareStartConvStatus           0x08002119   Thumb Code    20  stm32f10x_adc.o(.text)
    ADC_DiscModeChannelCountConfig           0x0800212d   Thumb Code    24  stm32f10x_adc.o(.text)
    ADC_DiscModeCmd                          0x08002145   Thumb Code    22  stm32f10x_adc.o(.text)
    ADC_RegularChannelConfig                 0x0800215b   Thumb Code   184  stm32f10x_adc.o(.text)
    ADC_ExternalTrigConvCmd                  0x08002213   Thumb Code    22  stm32f10x_adc.o(.text)
    ADC_GetConversionValue                   0x08002229   Thumb Code     8  stm32f10x_adc.o(.text)
    ADC_GetDualModeConversionValue           0x08002231   Thumb Code     8  stm32f10x_adc.o(.text)
    ADC_AutoInjectedConvCmd                  0x08002239   Thumb Code    22  stm32f10x_adc.o(.text)
    ADC_InjectedDiscModeCmd                  0x0800224f   Thumb Code    22  stm32f10x_adc.o(.text)
    ADC_ExternalTrigInjectedConvConfig       0x08002265   Thumb Code    16  stm32f10x_adc.o(.text)
    ADC_ExternalTrigInjectedConvCmd          0x08002275   Thumb Code    22  stm32f10x_adc.o(.text)
    ADC_SoftwareStartInjectedConvCmd         0x0800228b   Thumb Code    22  stm32f10x_adc.o(.text)
    ADC_GetSoftwareStartInjectedConvCmdStatus 0x080022a1   Thumb Code    20  stm32f10x_adc.o(.text)
    ADC_InjectedChannelConfig                0x080022b5   Thumb Code   130  stm32f10x_adc.o(.text)
    ADC_InjectedSequencerLengthConfig        0x08002337   Thumb Code    24  stm32f10x_adc.o(.text)
    ADC_SetInjectedOffset                    0x0800234f   Thumb Code    20  stm32f10x_adc.o(.text)
    ADC_GetInjectedConversionValue           0x08002363   Thumb Code    28  stm32f10x_adc.o(.text)
    ADC_AnalogWatchdogCmd                    0x0800237f   Thumb Code    16  stm32f10x_adc.o(.text)
    ADC_AnalogWatchdogThresholdsConfig       0x0800238f   Thumb Code     6  stm32f10x_adc.o(.text)
    ADC_AnalogWatchdogSingleChannelConfig    0x08002395   Thumb Code    16  stm32f10x_adc.o(.text)
    ADC_TempSensorVrefintCmd                 0x080023a5   Thumb Code    64  stm32f10x_adc.o(.text)
    ADC_GetFlagStatus                        0x080023e5   Thumb Code    18  stm32f10x_adc.o(.text)
    ADC_ClearFlag                            0x080023f7   Thumb Code     6  stm32f10x_adc.o(.text)
    ADC_GetITStatus                          0x080023fd   Thumb Code    36  stm32f10x_adc.o(.text)
    ADC_ClearITPendingBit                    0x08002421   Thumb Code    10  stm32f10x_adc.o(.text)
    ADXL345_Init                             0x0800242d   Thumb Code   166  adxl345.o(.text)
    ADXL345_GetValue                         0x080024d3   Thumb Code   196  adxl345.o(.text)
    Beep_Set                                 0x080025a5   Thumb Code    20  beep.o(.text)
    Beep_Init                                0x080025b9   Thumb Code    42  beep.o(.text)
    Delay_Init                               0x080025ed   Thumb Code    48  delay.o(.text)
    DelayUs                                  0x0800261d   Thumb Code    60  delay.o(.text)
    DelayXms                                 0x08002659   Thumb Code    66  delay.o(.text)
    DelayMs                                  0x0800269b   Thumb Code    60  delay.o(.text)
    Timer1_8_Init                            0x080026e1   Thumb Code   178  hwtimer.o(.text)
    Timer6_7_Init                            0x08002793   Thumb Code   106  hwtimer.o(.text)
    TIM6_IRQHandler                          0x080027fd   Thumb Code    44  hwtimer.o(.text)
    TIM7_IRQHandler                          0x08002829   Thumb Code    90  hwtimer.o(.text)
    IIC_SpeedCtl                             0x080028a5   Thumb Code     6  i2c.o(.text)
    IIC_Init                                 0x080028ab   Thumb Code    66  i2c.o(.text)
    IIC_Start                                0x080028ed   Thumb Code    60  i2c.o(.text)
    IIC_Stop                                 0x08002929   Thumb Code    60  i2c.o(.text)
    IIC_WaitAck                              0x08002965   Thumb Code   100  i2c.o(.text)
    IIC_Ack                                  0x080029c9   Thumb Code    60  i2c.o(.text)
    IIC_NAck                                 0x08002a05   Thumb Code    60  i2c.o(.text)
    IIC_SendByte                             0x08002a41   Thumb Code    96  i2c.o(.text)
    IIC_RecvByte                             0x08002aa1   Thumb Code    86  i2c.o(.text)
    I2C_WriteByte                            0x08002af7   Thumb Code    92  i2c.o(.text)
    I2C_ReadByte                             0x08002b53   Thumb Code   106  i2c.o(.text)
    I2C_WriteBytes                           0x08002bbd   Thumb Code   116  i2c.o(.text)
    I2C_ReadBytes                            0x08002c31   Thumb Code   168  i2c.o(.text)
    Key_Init                                 0x08002cd9   Thumb Code    54  key.o(.text)
    KeyScan                                  0x08002d0f   Thumb Code    54  key.o(.text)
    Keyboard                                 0x08002d45   Thumb Code   290  key.o(.text)
    Led7_Set                                 0x08002e75   Thumb Code    40  led.o(.text)
    Led6_Set                                 0x08002e9d   Thumb Code    40  led.o(.text)
    Led5_Set                                 0x08002ec5   Thumb Code    40  led.o(.text)
    Led4_Set                                 0x08002eed   Thumb Code    38  led.o(.text)
    Led_Init                                 0x08002f13   Thumb Code    80  led.o(.text)
    OLED_SendByte                            0x08002f71   Thumb Code    86  oled.o(.text)
    OLED_WriteData                           0x08002fc7   Thumb Code    88  oled.o(.text)
    OLED_WriteCom                            0x0800301f   Thumb Code    88  oled.o(.text)
    OLED_Init                                0x08003077   Thumb Code   172  oled.o(.text)
    OLED_Address                             0x08003123   Thumb Code    60  oled.o(.text)
    OLED_ClearScreen                         0x0800315f   Thumb Code    90  oled.o(.text)
    OLED_ClearAt                             0x080031b9   Thumb Code    56  oled.o(.text)
    OLED_Dis12864_Pic                        0x080031f1   Thumb Code    58  oled.o(.text)
    OLED_DisChar16x16                        0x0800322b   Thumb Code    86  oled.o(.text)
    OLED_DisString6x8                        0x08003281   Thumb Code   134  oled.o(.text)
    OLED_DisString8x16                       0x08003307   Thumb Code   190  oled.o(.text)
    Check_PowerOn                            0x080033c9   Thumb Code   208  selfcheck.o(.text)
    SHT20_reset                              0x08003521   Thumb Code    14  sht20.o(.text)
    SHT20_read_user_reg                      0x0800352f   Thumb Code    22  sht20.o(.text)
    SHT2x_CheckCrc                           0x08003545   Thumb Code    74  sht20.o(.text)
    SHT2x_CalcTemperatureC                   0x0800358f   Thumb Code    70  sht20.o(.text)
    SHT2x_CalcRH                             0x080035d5   Thumb Code    70  sht20.o(.text)
    SHT2x_MeasureHM                          0x0800361b   Thumb Code   208  sht20.o(.text)
    SHT20_GetValue                           0x080036eb   Thumb Code   234  sht20.o(.text)
    Usart1_Init                              0x08003801   Thumb Code   166  usart.o(.text)
    Usart2_Init                              0x080038a7   Thumb Code   162  usart.o(.text)
    Usart_SendString                         0x08003949   Thumb Code    50  usart.o(.text)
    UsartPrintf                              0x0800397b   Thumb Code    72  usart.o(.text)
    USART1_IRQHandler                        0x080039c3   Thumb Code    78  usart.o(.text)
    ADC_ChInit                               0x08003a21   Thumb Code   162  adc.o(.text)
    ADC_GetValue                             0x08003ac3   Thumb Code    48  adc.o(.text)
    ADC_GetValueTimes                        0x08003af3   Thumb Code    68  adc.o(.text)
    ADC_GetTemperature                       0x08003b37   Thumb Code    98  adc.o(.text)
    TCRT5000_Set                             0x08003bbd   Thumb Code    38  tcrt5000.o(.text)
    TCRT5000_Init                            0x08003be3   Thumb Code    72  tcrt5000.o(.text)
    TCRT5000_GetValue                        0x08003c2b   Thumb Code    20  tcrt5000.o(.text)
    Lcd1602_SendByte                         0x08003c51   Thumb Code    66  lcd1602.o(.text)
    Lcd1602_WriteCom                         0x08003c93   Thumb Code    58  lcd1602.o(.text)
    Lcd1602_WriteCom_Busy                    0x08003ccd   Thumb Code    64  lcd1602.o(.text)
    Lcd1602_WriteData                        0x08003d0d   Thumb Code    58  lcd1602.o(.text)
    Lcd1602_Init                             0x08003d47   Thumb Code   160  lcd1602.o(.text)
    Lcd1602_DisString                        0x08003de7   Thumb Code    96  lcd1602.o(.text)
    Lcd1602_Clear                            0x08003e47   Thumb Code    50  lcd1602.o(.text)
    Hardware_Init                            0x08003e9d   Thumb Code   200  main.o(.text)
    main                                     0x08003f65   Thumb Code  1212  main.o(.text)
    Fault_Process                            0x08004475   Thumb Code   192  fault.o(.text)
    OneNet_toString                          0x080045a5   Thumb Code   368  onenet.o(.text)
    OneNet_Load_DataStream                   0x08004715   Thumb Code   552  onenet.o(.text)
    OneNet_SendData                          0x0800493d   Thumb Code   122  onenet.o(.text)
    OneNet_Status                            0x080049b7   Thumb Code   466  onenet.o(.text)
    OneNet_Event                             0x08004b89   Thumb Code   120  onenet.o(.text)
    NET_IO_ClearRecive                       0x08004c59   Thumb Code    22  net_io.o(.text)
    NET_IO_Init                              0x08004c6f   Thumb Code   168  net_io.o(.text)
    NET_IO_Send                              0x08004d17   Thumb Code    44  net_io.o(.text)
    NET_IO_WaitRecive                        0x08004d43   Thumb Code    42  net_io.o(.text)
    USART2_IRQHandler                        0x08004d6d   Thumb Code    62  net_io.o(.text)
    NET_DEVICE_IO_Init                       0x08004db9   Thumb Code    54  net_device.o(.text)
    NET_DEVICE_Reset                         0x08004def   Thumb Code    42  net_device.o(.text)
    NET_DEVICE_ClrData                       0x08004e19   Thumb Code     8  net_device.o(.text)
    NET_DEVICE_SendCmd                       0x08004e21   Thumb Code    80  net_device.o(.text)
    NET_DEVICE_Exist                         0x08004e71   Thumb Code   266  net_device.o(.text)
    NET_DEVICE_Init                          0x08004f7b   Thumb Code   196  net_device.o(.text)
    NET_DEVICE_ReLink                        0x0800503f   Thumb Code   112  net_device.o(.text)
    NET_DEVICE_SendData                      0x080050af   Thumb Code    52  net_device.o(.text)
    NET_DEVICE_GetIPD                        0x080050e3   Thumb Code   140  net_device.o(.text)
    NET_DEVICE_Check                         0x0800516f   Thumb Code   554  net_device.o(.text)
    NET_DEVICE_ReConfig                      0x08005399   Thumb Code    14  net_device.o(.text)
    NET_DEVICE_Set_DataMode                  0x080053a7   Thumb Code    14  net_device.o(.text)
    NET_DEVICE_Get_DataMode                  0x080053b5   Thumb Code    10  net_device.o(.text)
    __c89vsprintf                            0x08005439   Thumb Code    32  c89vsprintf.o(.text)
    __c89vsnprintf                           0x0800545d   Thumb Code    48  c89vsnprintf.o(.text)
    __2sprintf                               0x08005491   Thumb Code    38  __2sprintf.o(.text)
    __2snprintf                              0x080054bd   Thumb Code    50  __2snprintf.o(.text)
    _printf_str                              0x080054f5   Thumb Code    82  _printf_str.o(.text)
    _printf_int_dec                          0x08005549   Thumb Code   104  _printf_dec.o(.text)
    __printf                                 0x080055c1   Thumb Code   388  __printf_flags_ss_wp.o(.text)
    atoi                                     0x08005749   Thumb Code    26  atoi.o(.text)
    strncat                                  0x08005763   Thumb Code    36  strncat.o(.text)
    strstr                                   0x08005787   Thumb Code    36  strstr.o(.text)
    strcpy                                   0x080057ab   Thumb Code    72  strcpy.o(.text)
    strlen                                   0x080057f3   Thumb Code    62  strlen.o(.text)
    strcat                                   0x08005831   Thumb Code    24  strcat.o(.text)
    __aeabi_memclr                           0x08005849   Thumb Code     0  rt_memclr.o(.text)
    __rt_memclr                              0x08005849   Thumb Code    68  rt_memclr.o(.text)
    _memset                                  0x0800584d   Thumb Code     0  rt_memclr.o(.text)
    __aeabi_memclr4                          0x0800588d   Thumb Code     0  rt_memclr_w.o(.text)
    __aeabi_memclr8                          0x0800588d   Thumb Code     0  rt_memclr_w.o(.text)
    __rt_memclr_w                            0x0800588d   Thumb Code    78  rt_memclr_w.o(.text)
    _memset_w                                0x08005891   Thumb Code     0  rt_memclr_w.o(.text)
    strncpy                                  0x080058db   Thumb Code    86  strncpy.o(.text)
    __use_two_region_memory                  0x08005931   Thumb Code     2  heapauxi.o(.text)
    __rt_heap_escrow$2region                 0x08005933   Thumb Code     2  heapauxi.o(.text)
    __rt_heap_expand$2region                 0x08005935   Thumb Code     2  heapauxi.o(.text)
    __aeabi_errno_addr                       0x08005939   Thumb Code     8  rt_errno_addr_intlibspace.o(.text)
    __errno$intlibspace                      0x08005939   Thumb Code     0  rt_errno_addr_intlibspace.o(.text)
    __rt_errno_addr$intlibspace              0x08005939   Thumb Code     0  rt_errno_addr_intlibspace.o(.text)
    _printf_pre_padding                      0x08005941   Thumb Code    44  _printf_pad.o(.text)
    _printf_post_padding                     0x0800596d   Thumb Code    34  _printf_pad.o(.text)
    _printf_truncate_signed                  0x0800598f   Thumb Code    18  _printf_truncate.o(.text)
    _printf_truncate_unsigned                0x080059a1   Thumb Code    18  _printf_truncate.o(.text)
    _printf_int_common                       0x080059b3   Thumb Code   178  _printf_intcommon.o(.text)
    _printf_charcount                        0x08005a65   Thumb Code    40  _printf_charcount.o(.text)
    __lib_sel_fp_printf                      0x08005a8d   Thumb Code     2  _printf_fp_dec.o(.text)
    _printf_fp_dec_real                      0x08005c3b   Thumb Code   620  _printf_fp_dec.o(.text)
    _printf_char_common                      0x08005eb3   Thumb Code    32  _printf_char_common.o(.text)
    _sputc                                   0x08005ed9   Thumb Code    10  _sputc.o(.text)
    _snputc                                  0x08005ee3   Thumb Code    16  _snputc.o(.text)
    _printf_cs_common                        0x08005ef3   Thumb Code    20  _printf_char.o(.text)
    _printf_char                             0x08005f07   Thumb Code    16  _printf_char.o(.text)
    _printf_string                           0x08005f17   Thumb Code     8  _printf_char.o(.text)
    _printf_wctomb                           0x08005f21   Thumb Code   182  _printf_wctomb.o(.text)
    _printf_longlong_dec                     0x08005fdd   Thumb Code   108  _printf_longlong_dec.o(.text)
    _printf_longlong_oct                     0x08006059   Thumb Code    66  _printf_oct_int_ll.o(.text)
    _printf_int_oct                          0x0800609b   Thumb Code    24  _printf_oct_int_ll.o(.text)
    _printf_ll_oct                           0x080060b3   Thumb Code    12  _printf_oct_int_ll.o(.text)
    _printf_longlong_hex                     0x080060c9   Thumb Code    86  _printf_hex_int_ll_ptr.o(.text)
    _printf_int_hex                          0x0800611f   Thumb Code    28  _printf_hex_int_ll_ptr.o(.text)
    _printf_ll_hex                           0x0800613b   Thumb Code    12  _printf_hex_int_ll_ptr.o(.text)
    _printf_hex_ptr                          0x08006147   Thumb Code    18  _printf_hex_int_ll_ptr.o(.text)
    strtol                                   0x0800615d   Thumb Code   112  strtol.o(.text)
    __user_libspace                          0x080061cd   Thumb Code     8  libspace.o(.text)
    __user_perproc_libspace                  0x080061cd   Thumb Code     0  libspace.o(.text)
    __user_perthread_libspace                0x080061cd   Thumb Code     0  libspace.o(.text)
    __rt_ctype_table                         0x080061d5   Thumb Code    16  rt_ctype_table.o(.text)
    __rt_locale                              0x080061e5   Thumb Code     8  rt_locale_intlibspace.o(.text)
    _ll_udiv10                               0x080061ed   Thumb Code   138  lludiv10.o(.text)
    _printf_fp_infnan                        0x08006279   Thumb Code   112  _printf_fp_infnan.o(.text)
    _printf_lcs_common                       0x080062f9   Thumb Code    20  _printf_wchar.o(.text)
    _printf_wchar                            0x0800630d   Thumb Code    16  _printf_wchar.o(.text)
    _printf_wstring                          0x0800631d   Thumb Code     8  _printf_wchar.o(.text)
    _strtoul                                 0x08006325   Thumb Code   158  _strtoul.o(.text)
    _btod_etento                             0x080063c5   Thumb Code   216  bigflt0.o(.text)
    _wcrtomb                                 0x080064a1   Thumb Code    64  _wcrtomb.o(.text)
    __user_setup_stackheap                   0x080064e1   Thumb Code    74  sys_stackheap_outer.o(.text)
    _chval                                   0x0800652b   Thumb Code    28  _chval.o(.text)
    exit                                     0x08006547   Thumb Code    18  exit.o(.text)
    strcmp                                   0x08006559   Thumb Code   128  strcmpv7m.o(.text)
    _sys_exit                                0x080065d9   Thumb Code     8  sys_exit.o(.text)
    __I$use$semihosting                      0x080065e5   Thumb Code     0  use_no_semi.o(.text)
    __use_no_semihosting_swi                 0x080065e5   Thumb Code     2  use_no_semi.o(.text)
    __semihosting_library_function           0x080065e7   Thumb Code     0  indicate_semi.o(.text)
    _btod_d2e                                0x080065e7   Thumb Code    62  btod.o(CL$$btod_d2e)
    _d2e_denorm_low                          0x08006625   Thumb Code    70  btod.o(CL$$btod_d2e_denorm_low)
    _d2e_norm_op1                            0x0800666b   Thumb Code    96  btod.o(CL$$btod_d2e_norm_op1)
    __btod_div_common                        0x080066cb   Thumb Code   696  btod.o(CL$$btod_div_common)
    _e2e                                     0x08006a03   Thumb Code   198  btod.o(CL$$btod_e2e)
    _btod_ediv                               0x08006ac9   Thumb Code    40  btod.o(CL$$btod_ediv)
    _btod_emul                               0x08006af1   Thumb Code    40  btod.o(CL$$btod_emul)
    __btod_mult_common                       0x08006b19   Thumb Code   580  btod.o(CL$$btod_mult_common)
    __ARM_fpclassify                         0x08006d5d   Thumb Code    40  fpclassify.o(i.__ARM_fpclassify)
    _is_digit                                0x08006d85   Thumb Code    14  __printf_wp.o(i._is_digit)
    _get_lc_numeric                          0x08006d95   Thumb Code    44  lc_numeric_c.o(locale$$code)
    _get_lc_ctype                            0x08006dc1   Thumb Code    44  lc_ctype_c.o(locale$$code)
    __aeabi_d2f                              0x08006ded   Thumb Code     0  d2f.o(x$fpl$d2f)
    _d2f                                     0x08006ded   Thumb Code    98  d2f.o(x$fpl$d2f)
    __aeabi_dadd                             0x08006e51   Thumb Code     0  daddsub_clz.o(x$fpl$dadd)
    _dadd                                    0x08006e51   Thumb Code   332  daddsub_clz.o(x$fpl$dadd)
    __aeabi_ddiv                             0x08006fa1   Thumb Code     0  ddiv.o(x$fpl$ddiv)
    _ddiv                                    0x08006fa1   Thumb Code   552  ddiv.o(x$fpl$ddiv)
    __aeabi_dmul                             0x08007251   Thumb Code     0  dmul.o(x$fpl$dmul)
    _dmul                                    0x08007251   Thumb Code   332  dmul.o(x$fpl$dmul)
    __fpl_dnaninf                            0x080073a5   Thumb Code   156  dnaninf.o(x$fpl$dnaninf)
    __fpl_dretinf                            0x08007441   Thumb Code    12  dretinf.o(x$fpl$dretinf)
    __aeabi_drsub                            0x0800744d   Thumb Code     0  daddsub_clz.o(x$fpl$drsb)
    _drsb                                    0x0800744d   Thumb Code    22  daddsub_clz.o(x$fpl$drsb)
    __aeabi_dsub                             0x08007465   Thumb Code     0  daddsub_clz.o(x$fpl$dsub)
    _dsub                                    0x08007465   Thumb Code   464  daddsub_clz.o(x$fpl$dsub)
    __aeabi_f2d                              0x08007639   Thumb Code     0  f2d.o(x$fpl$f2d)
    _f2d                                     0x08007639   Thumb Code    86  f2d.o(x$fpl$f2d)
    __aeabi_fadd                             0x08007691   Thumb Code     0  faddsub_clz.o(x$fpl$fadd)
    _fadd                                    0x08007691   Thumb Code   196  faddsub_clz.o(x$fpl$fadd)
    __fpl_fcmp_Inf                           0x08007755   Thumb Code    24  fcmpi.o(x$fpl$fcmpinf)
    __aeabi_fdiv                             0x0800776d   Thumb Code     0  fdiv.o(x$fpl$fdiv)
    _fdiv                                    0x0800776d   Thumb Code   384  fdiv.o(x$fpl$fdiv)
    __aeabi_f2iz                             0x080078f1   Thumb Code     0  ffix.o(x$fpl$ffix)
    _ffix                                    0x080078f1   Thumb Code    54  ffix.o(x$fpl$ffix)
    __aeabi_f2uiz                            0x08007929   Thumb Code     0  ffixu.o(x$fpl$ffixu)
    _ffixu                                   0x08007929   Thumb Code    62  ffixu.o(x$fpl$ffixu)
    __aeabi_i2f                              0x08007969   Thumb Code     0  fflt_clz.o(x$fpl$fflt)
    _fflt                                    0x08007969   Thumb Code    48  fflt_clz.o(x$fpl$fflt)
    __aeabi_ui2f                             0x08007999   Thumb Code     0  fflt_clz.o(x$fpl$ffltu)
    _ffltu                                   0x08007999   Thumb Code    38  fflt_clz.o(x$fpl$ffltu)
    __aeabi_cfcmple                          0x080079c1   Thumb Code     0  fleqf.o(x$fpl$fleqf)
    _fcmple                                  0x080079c1   Thumb Code   104  fleqf.o(x$fpl$fleqf)
    __fpl_fcmple_InfNaN                      0x08007a13   Thumb Code     0  fleqf.o(x$fpl$fleqf)
    __fpl_fnaninf                            0x08007a29   Thumb Code   140  fnaninf.o(x$fpl$fnaninf)
    __fpl_fretinf                            0x08007ab5   Thumb Code    10  fretinf.o(x$fpl$fretinf)
    __aeabi_fsub                             0x08007ac1   Thumb Code     0  faddsub_clz.o(x$fpl$fsub)
    _fsub                                    0x08007ac1   Thumb Code   234  faddsub_clz.o(x$fpl$fsub)
    _printf_fp_dec                           0x08007bab   Thumb Code     4  printf1.o(x$fpl$printf1)
    F6x8                                     0x08007bae   Data         552  oled.o(.constdata)
    __I$use$fp                               0x08007bae   Number         0  usenofp.o(x$fpl$usenofp)
    F8X16                                    0x08007dd6   Data        1520  oled.o(.constdata)
    wen                                      0x080083c6   Data          32  oled.o(.constdata)
    du                                       0x080083e6   Data          32  oled.o(.constdata)
    shi                                      0x08008406   Data          32  oled.o(.constdata)
    san                                      0x08008426   Data          32  oled.o(.constdata)
    zhou                                     0x08008446   Data          32  oled.o(.constdata)
    zhuang                                   0x08008466   Data          32  oled.o(.constdata)
    tai                                      0x08008486   Data          32  oled.o(.constdata)
    wei                                      0x080084a6   Data          32  oled.o(.constdata)
    lian                                     0x080084c6   Data          32  oled.o(.constdata)
    jie                                      0x080084e6   Data          32  oled.o(.constdata)
    zhong                                    0x08008506   Data          32  oled.o(.constdata)
    yi                                       0x08008526   Data          32  oled.o(.constdata)
    duan                                     0x08008546   Data          32  oled.o(.constdata)
    kai                                      0x08008566   Data          32  oled.o(.constdata)
    Region$$Table$$Base                      0x080086bc   Number         0  anon$$obj.o(Region$$Table)
    Region$$Table$$Limit                     0x080086dc   Number         0  anon$$obj.o(Region$$Table)
    __ctype                                  0x08008705   Data           0  lc_ctype_c.o(locale$$data)
    SystemCoreClock                          0x20000000   Data           4  system_stm32f10x.o(.data)
    AHBPrescTable                            0x20000004   Data          16  system_stm32f10x.o(.data)
    beepInfo                                 0x20000028   Data           1  beep.o(.data)
    UsCount                                  0x2000002a   Data           1  delay.o(.data)
    MsCount                                  0x2000002c   Data           2  delay.o(.data)
    timerCount                               0x20000030   Data           2  hwtimer.o(.data)
    timInfo                                  0x20000034   Data           4  hwtimer.o(.data)
    iicInfo                                  0x20000038   Data           2  i2c.o(.data)
    ledStatus                                0x2000003b   Data           4  led.o(.data)
    checkInfo                                0x20000040   Data           2  selfcheck.o(.data)
    sht20Info                                0x20000044   Data           8  sht20.o(.data)
    t5000Info                                0x20000054   Data           8  tcrt5000.o(.data)
    dataStream                               0x2000005c   Data         132  main.o(.data)
    dataStreamLen                            0x200000e0   Data           1  main.o(.data)
    faultType                                0x200000e1   Data           1  fault.o(.data)
    faultTypeReport                          0x200000e2   Data           1  fault.o(.data)
    oneNetInfo                               0x200000e3   Data          25  onenet.o(.data)
    netDeviceInfo                            0x200000fc   Data           4  net_device.o(.data)
    adxlInfo                                 0x20000100   Data          16  adxl345.o(.bss)
    alterInfo                                0x20000110   Data         151  usart.o(.bss)
    netIOInfo                                0x200001a8   Data         260  net_io.o(.bss)
    __libspace_start                         0x200002ac   Data          96  libspace.o(.bss)
    __temporary_stack_top$libspace           0x2000030c   Data           0  libspace.o(.bss)



==============================================================================

Memory Map of the image

  Image Entry point : 0x08000131

  Load Region LR_IROM1 (Base: 0x08000000, Size: 0x00008908, Max: 0x00080000, ABSOLUTE)

    Execution Region ER_IROM1 (Base: 0x08000000, Size: 0x00008808, Max: 0x00080000, ABSOLUTE)

    Base Addr    Size         Type   Attr      Idx    E Section Name        Object

    0x08000000   0x00000130   Data   RO          140    RESET               startup_stm32f10x_hd.o
    0x08000130   0x00000008   Code   RO          750  * !!!main             c_w.l(__main.o)
    0x08000138   0x00000034   Code   RO         1097    !!!scatter          c_w.l(__scatter.o)
    0x0800016c   0x0000001a   Code   RO         1099    !!handler_copy      c_w.l(__scatter_copy.o)
    0x08000186   0x00000002   PAD
    0x08000188   0x0000001c   Code   RO         1101    !!handler_zi        c_w.l(__scatter_zi.o)
    0x080001a4   0x00000000   Code   RO          729    .ARM.Collect$$_printf_percent$$00000000  c_w.l(_printf_percent.o)
    0x080001a4   0x00000006   Code   RO          853    .ARM.Collect$$_printf_percent$$00000001  c_w.l(_printf_n.o)
    0x080001aa   0x00000006   Code   RO          855    .ARM.Collect$$_printf_percent$$00000002  c_w.l(_printf_p.o)
    0x080001b0   0x00000006   Code   RO          728    .ARM.Collect$$_printf_percent$$00000003  c_w.l(_printf_f.o)
    0x080001b6   0x00000006   Code   RO          859    .ARM.Collect$$_printf_percent$$00000004  c_w.l(_printf_e.o)
    0x080001bc   0x00000006   Code   RO          860    .ARM.Collect$$_printf_percent$$00000005  c_w.l(_printf_g.o)
    0x080001c2   0x00000006   Code   RO          861    .ARM.Collect$$_printf_percent$$00000006  c_w.l(_printf_a.o)
    0x080001c8   0x0000000a   Code   RO          866    .ARM.Collect$$_printf_percent$$00000007  c_w.l(_printf_ll.o)
    0x080001d2   0x00000006   Code   RO          857    .ARM.Collect$$_printf_percent$$00000008  c_w.l(_printf_i.o)
    0x080001d8   0x00000006   Code   RO          727    .ARM.Collect$$_printf_percent$$00000009  c_w.l(_printf_d.o)
    0x080001de   0x00000006   Code   RO          858    .ARM.Collect$$_printf_percent$$0000000A  c_w.l(_printf_u.o)
    0x080001e4   0x00000006   Code   RO          856    .ARM.Collect$$_printf_percent$$0000000B  c_w.l(_printf_o.o)
    0x080001ea   0x00000006   Code   RO          854    .ARM.Collect$$_printf_percent$$0000000C  c_w.l(_printf_x.o)
    0x080001f0   0x00000006   Code   RO          863    .ARM.Collect$$_printf_percent$$0000000D  c_w.l(_printf_lli.o)
    0x080001f6   0x00000006   Code   RO          864    .ARM.Collect$$_printf_percent$$0000000E  c_w.l(_printf_lld.o)
    0x080001fc   0x00000006   Code   RO          865    .ARM.Collect$$_printf_percent$$0000000F  c_w.l(_printf_llu.o)
    0x08000202   0x00000006   Code   RO          870    .ARM.Collect$$_printf_percent$$00000010  c_w.l(_printf_llo.o)
    0x08000208   0x00000006   Code   RO          871    .ARM.Collect$$_printf_percent$$00000011  c_w.l(_printf_llx.o)
    0x0800020e   0x0000000a   Code   RO          867    .ARM.Collect$$_printf_percent$$00000012  c_w.l(_printf_l.o)
    0x08000218   0x00000006   Code   RO          852    .ARM.Collect$$_printf_percent$$00000013  c_w.l(_printf_c.o)
    0x0800021e   0x00000006   Code   RO          726    .ARM.Collect$$_printf_percent$$00000014  c_w.l(_printf_s.o)
    0x08000224   0x00000006   Code   RO          868    .ARM.Collect$$_printf_percent$$00000015  c_w.l(_printf_lc.o)
    0x0800022a   0x00000006   Code   RO          869    .ARM.Collect$$_printf_percent$$00000016  c_w.l(_printf_ls.o)
    0x08000230   0x00000004   Code   RO          862    .ARM.Collect$$_printf_percent$$00000017  c_w.l(_printf_percent_end.o)
    0x08000234   0x00000002   Code   RO          970    .ARM.Collect$$libinit$$00000000  c_w.l(libinit.o)
    0x08000236   0x00000000   Code   RO          972    .ARM.Collect$$libinit$$00000002  c_w.l(libinit2.o)
    0x08000236   0x00000000   Code   RO          974    .ARM.Collect$$libinit$$00000004  c_w.l(libinit2.o)
    0x08000236   0x00000000   Code   RO          977    .ARM.Collect$$libinit$$0000000A  c_w.l(libinit2.o)
    0x08000236   0x00000000   Code   RO          979    .ARM.Collect$$libinit$$0000000C  c_w.l(libinit2.o)
    0x08000236   0x00000000   Code   RO          981    .ARM.Collect$$libinit$$0000000E  c_w.l(libinit2.o)
    0x08000236   0x00000006   Code   RO          982    .ARM.Collect$$libinit$$0000000F  c_w.l(libinit2.o)
    0x0800023c   0x00000000   Code   RO          984    .ARM.Collect$$libinit$$00000011  c_w.l(libinit2.o)
    0x0800023c   0x0000000c   Code   RO          985    .ARM.Collect$$libinit$$00000012  c_w.l(libinit2.o)
    0x08000248   0x00000000   Code   RO          986    .ARM.Collect$$libinit$$00000013  c_w.l(libinit2.o)
    0x08000248   0x00000000   Code   RO          988    .ARM.Collect$$libinit$$00000015  c_w.l(libinit2.o)
    0x08000248   0x0000000a   Code   RO          989    .ARM.Collect$$libinit$$00000016  c_w.l(libinit2.o)
    0x08000252   0x00000000   Code   RO          990    .ARM.Collect$$libinit$$00000017  c_w.l(libinit2.o)
    0x08000252   0x00000000   Code   RO          992    .ARM.Collect$$libinit$$00000019  c_w.l(libinit2.o)
    0x08000252   0x00000000   Code   RO          994    .ARM.Collect$$libinit$$0000001B  c_w.l(libinit2.o)
    0x08000252   0x00000000   Code   RO          996    .ARM.Collect$$libinit$$0000001D  c_w.l(libinit2.o)
    0x08000252   0x00000000   Code   RO          998    .ARM.Collect$$libinit$$0000001F  c_w.l(libinit2.o)
    0x08000252   0x00000000   Code   RO         1000    .ARM.Collect$$libinit$$00000021  c_w.l(libinit2.o)
    0x08000252   0x00000000   Code   RO         1002    .ARM.Collect$$libinit$$00000023  c_w.l(libinit2.o)
    0x08000252   0x00000000   Code   RO         1004    .ARM.Collect$$libinit$$00000025  c_w.l(libinit2.o)
    0x08000252   0x00000000   Code   RO         1008    .ARM.Collect$$libinit$$0000002C  c_w.l(libinit2.o)
    0x08000252   0x00000000   Code   RO         1010    .ARM.Collect$$libinit$$0000002E  c_w.l(libinit2.o)
    0x08000252   0x00000000   Code   RO         1012    .ARM.Collect$$libinit$$00000030  c_w.l(libinit2.o)
    0x08000252   0x00000000   Code   RO         1014    .ARM.Collect$$libinit$$00000032  c_w.l(libinit2.o)
    0x08000252   0x00000002   Code   RO         1015    .ARM.Collect$$libinit$$00000033  c_w.l(libinit2.o)
    0x08000254   0x00000002   Code   RO         1045    .ARM.Collect$$libshutdown$$00000000  c_w.l(libshutdown.o)
    0x08000256   0x00000000   Code   RO         1056    .ARM.Collect$$libshutdown$$00000002  c_w.l(libshutdown2.o)
    0x08000256   0x00000000   Code   RO         1058    .ARM.Collect$$libshutdown$$00000004  c_w.l(libshutdown2.o)
    0x08000256   0x00000000   Code   RO         1061    .ARM.Collect$$libshutdown$$00000007  c_w.l(libshutdown2.o)
    0x08000256   0x00000000   Code   RO         1064    .ARM.Collect$$libshutdown$$0000000A  c_w.l(libshutdown2.o)
    0x08000256   0x00000000   Code   RO         1066    .ARM.Collect$$libshutdown$$0000000C  c_w.l(libshutdown2.o)
    0x08000256   0x00000000   Code   RO         1069    .ARM.Collect$$libshutdown$$0000000F  c_w.l(libshutdown2.o)
    0x08000256   0x00000002   Code   RO         1070    .ARM.Collect$$libshutdown$$00000010  c_w.l(libshutdown2.o)
    0x08000258   0x00000000   Code   RO          796    .ARM.Collect$$rtentry$$00000000  c_w.l(__rtentry.o)
    0x08000258   0x00000000   Code   RO          889    .ARM.Collect$$rtentry$$00000002  c_w.l(__rtentry2.o)
    0x08000258   0x00000006   Code   RO          901    .ARM.Collect$$rtentry$$00000004  c_w.l(__rtentry4.o)
    0x0800025e   0x00000000   Code   RO          891    .ARM.Collect$$rtentry$$00000009  c_w.l(__rtentry2.o)
    0x0800025e   0x00000004   Code   RO          892    .ARM.Collect$$rtentry$$0000000A  c_w.l(__rtentry2.o)
    0x08000262   0x00000000   Code   RO          894    .ARM.Collect$$rtentry$$0000000C  c_w.l(__rtentry2.o)
    0x08000262   0x00000008   Code   RO          895    .ARM.Collect$$rtentry$$0000000D  c_w.l(__rtentry2.o)
    0x0800026a   0x00000002   Code   RO         1016    .ARM.Collect$$rtexit$$00000000  c_w.l(rtexit.o)
    0x0800026c   0x00000000   Code   RO         1023    .ARM.Collect$$rtexit$$00000002  c_w.l(rtexit2.o)
    0x0800026c   0x00000004   Code   RO         1024    .ARM.Collect$$rtexit$$00000003  c_w.l(rtexit2.o)
    0x08000270   0x00000006   Code   RO         1025    .ARM.Collect$$rtexit$$00000004  c_w.l(rtexit2.o)
    0x08000276   0x00000002   PAD
    0x08000278   0x00000134   Code   RO           17    .text               stm32f10x_it.o
    0x080003ac   0x000001e8   Code   RO          120    .text               system_stm32f10x.o
    0x08000594   0x00000040   Code   RO          141    .text               startup_stm32f10x_hd.o
    0x080005d4   0x000000dc   Code   RO          145    .text               misc.o
    0x080006b0   0x0000035c   Code   RO          183    .text               stm32f10x_gpio.o
    0x08000a0c   0x000003ac   Code   RO          195    .text               stm32f10x_rcc.o
    0x08000db8   0x00000e1a   Code   RO          209    .text               stm32f10x_tim.o
    0x08001bd2   0x00000002   PAD
    0x08001bd4   0x00000408   Code   RO          221    .text               stm32f10x_usart.o
    0x08001fdc   0x0000044e   Code   RO          233    .text               stm32f10x_adc.o
    0x0800242a   0x00000002   PAD
    0x0800242c   0x00000178   Code   RO          245    .text               adxl345.o
    0x080025a4   0x00000048   Code   RO          285    .text               beep.o
    0x080025ec   0x000000f4   Code   RO          303    .text               delay.o
    0x080026e0   0x000001c4   Code   RO          318    .text               hwtimer.o
    0x080028a4   0x00000434   Code   RO          348    .text               i2c.o
    0x08002cd8   0x0000019c   Code   RO          387    .text               key.o
    0x08002e74   0x000000fc   Code   RO          403    .text               led.o
    0x08002f70   0x00000458   Code   RO          421    .text               oled.o
    0x080033c8   0x00000158   Code   RO          449    .text               selfcheck.o
    0x08003520   0x000002e0   Code   RO          471    .text               sht20.o
    0x08003800   0x00000220   Code   RO          490    .text               usart.o
    0x08003a20   0x0000019c   Code   RO          511    .text               adc.o
    0x08003bbc   0x00000094   Code   RO          526    .text               tcrt5000.o
    0x08003c50   0x0000024c   Code   RO          544    .text               lcd1602.o
    0x08003e9c   0x000005d8   Code   RO          559    .text               main.o
    0x08004474   0x00000130   Code   RO          603    .text               fault.o
    0x080045a4   0x000006b4   Code   RO          621    .text               onenet.o
    0x08004c58   0x00000160   Code   RO          646    .text               net_io.o
    0x08004db8   0x00000680   Code   RO          664    .text               net_device.o
    0x08005438   0x00000024   Code   RO          688    .text               c_w.l(c89vsprintf.o)
    0x0800545c   0x00000034   Code   RO          690    .text               c_w.l(c89vsnprintf.o)
    0x08005490   0x0000002c   Code   RO          692    .text               c_w.l(__2sprintf.o)
    0x080054bc   0x00000038   Code   RO          694    .text               c_w.l(__2snprintf.o)
    0x080054f4   0x00000052   Code   RO          702    .text               c_w.l(_printf_str.o)
    0x08005546   0x00000002   PAD
    0x08005548   0x00000078   Code   RO          704    .text               c_w.l(_printf_dec.o)
    0x080055c0   0x00000188   Code   RO          723    .text               c_w.l(__printf_flags_ss_wp.o)
    0x08005748   0x0000001a   Code   RO          730    .text               c_w.l(atoi.o)
    0x08005762   0x00000024   Code   RO          732    .text               c_w.l(strncat.o)
    0x08005786   0x00000024   Code   RO          734    .text               c_w.l(strstr.o)
    0x080057aa   0x00000048   Code   RO          736    .text               c_w.l(strcpy.o)
    0x080057f2   0x0000003e   Code   RO          738    .text               c_w.l(strlen.o)
    0x08005830   0x00000018   Code   RO          740    .text               c_w.l(strcat.o)
    0x08005848   0x00000044   Code   RO          742    .text               c_w.l(rt_memclr.o)
    0x0800588c   0x0000004e   Code   RO          744    .text               c_w.l(rt_memclr_w.o)
    0x080058da   0x00000056   Code   RO          746    .text               c_w.l(strncpy.o)
    0x08005930   0x00000006   Code   RO          748    .text               c_w.l(heapauxi.o)
    0x08005936   0x00000002   PAD
    0x08005938   0x00000008   Code   RO          800    .text               c_w.l(rt_errno_addr_intlibspace.o)
    0x08005940   0x0000004e   Code   RO          802    .text               c_w.l(_printf_pad.o)
    0x0800598e   0x00000024   Code   RO          804    .text               c_w.l(_printf_truncate.o)
    0x080059b2   0x000000b2   Code   RO          806    .text               c_w.l(_printf_intcommon.o)
    0x08005a64   0x00000028   Code   RO          808    .text               c_w.l(_printf_charcount.o)
    0x08005a8c   0x0000041a   Code   RO          810    .text               c_w.l(_printf_fp_dec.o)
    0x08005ea6   0x00000002   PAD
    0x08005ea8   0x00000030   Code   RO          812    .text               c_w.l(_printf_char_common.o)
    0x08005ed8   0x0000000a   Code   RO          814    .text               c_w.l(_sputc.o)
    0x08005ee2   0x00000010   Code   RO          816    .text               c_w.l(_snputc.o)
    0x08005ef2   0x0000002c   Code   RO          818    .text               c_w.l(_printf_char.o)
    0x08005f1e   0x00000002   PAD
    0x08005f20   0x000000bc   Code   RO          820    .text               c_w.l(_printf_wctomb.o)
    0x08005fdc   0x0000007c   Code   RO          823    .text               c_w.l(_printf_longlong_dec.o)
    0x08006058   0x00000070   Code   RO          829    .text               c_w.l(_printf_oct_int_ll.o)
    0x080060c8   0x00000094   Code   RO          849    .text               c_w.l(_printf_hex_int_ll_ptr.o)
    0x0800615c   0x00000070   Code   RO          872    .text               c_w.l(strtol.o)
    0x080061cc   0x00000008   Code   RO          885    .text               c_w.l(libspace.o)
    0x080061d4   0x00000010   Code   RO          903    .text               c_w.l(rt_ctype_table.o)
    0x080061e4   0x00000008   Code   RO          908    .text               c_w.l(rt_locale_intlibspace.o)
    0x080061ec   0x0000008a   Code   RO          910    .text               c_w.l(lludiv10.o)
    0x08006276   0x00000002   PAD
    0x08006278   0x00000080   Code   RO          912    .text               c_w.l(_printf_fp_infnan.o)
    0x080062f8   0x0000002c   Code   RO          916    .text               c_w.l(_printf_wchar.o)
    0x08006324   0x0000009e   Code   RO          918    .text               c_w.l(_strtoul.o)
    0x080063c2   0x00000002   PAD
    0x080063c4   0x000000dc   Code   RO          920    .text               c_w.l(bigflt0.o)
    0x080064a0   0x00000040   Code   RO          945    .text               c_w.l(_wcrtomb.o)
    0x080064e0   0x0000004a   Code   RO          954    .text               c_w.l(sys_stackheap_outer.o)
    0x0800652a   0x0000001c   Code   RO          956    .text               c_w.l(_chval.o)
    0x08006546   0x00000012   Code   RO          961    .text               c_w.l(exit.o)
    0x08006558   0x00000080   Code   RO          963    .text               c_w.l(strcmpv7m.o)
    0x080065d8   0x0000000c   Code   RO         1035    .text               c_w.l(sys_exit.o)
    0x080065e4   0x00000002   Code   RO         1046    .text               c_w.l(use_no_semi.o)
    0x080065e6   0x00000000   Code   RO         1048    .text               c_w.l(indicate_semi.o)
    0x080065e6   0x0000003e   Code   RO          923    CL$$btod_d2e        c_w.l(btod.o)
    0x08006624   0x00000046   Code   RO          925    CL$$btod_d2e_denorm_low  c_w.l(btod.o)
    0x0800666a   0x00000060   Code   RO          924    CL$$btod_d2e_norm_op1  c_w.l(btod.o)
    0x080066ca   0x00000338   Code   RO          933    CL$$btod_div_common  c_w.l(btod.o)
    0x08006a02   0x000000c6   Code   RO          930    CL$$btod_e2e        c_w.l(btod.o)
    0x08006ac8   0x00000028   Code   RO          927    CL$$btod_ediv       c_w.l(btod.o)
    0x08006af0   0x00000028   Code   RO          926    CL$$btod_emul       c_w.l(btod.o)
    0x08006b18   0x00000244   Code   RO          932    CL$$btod_mult_common  c_w.l(btod.o)
    0x08006d5c   0x00000028   Code   RO          952    i.__ARM_fpclassify  m_ws.l(fpclassify.o)
    0x08006d84   0x0000000e   Code   RO          716    i._is_digit         c_w.l(__printf_wp.o)
    0x08006d92   0x00000002   PAD
    0x08006d94   0x0000002c   Code   RO          948    locale$$code        c_w.l(lc_numeric_c.o)
    0x08006dc0   0x0000002c   Code   RO          959    locale$$code        c_w.l(lc_ctype_c.o)
    0x08006dec   0x00000062   Code   RO          752    x$fpl$d2f           fz_ws.l(d2f.o)
    0x08006e4e   0x00000002   PAD
    0x08006e50   0x00000150   Code   RO          754    x$fpl$dadd          fz_ws.l(daddsub_clz.o)
    0x08006fa0   0x000002b0   Code   RO          761    x$fpl$ddiv          fz_ws.l(ddiv.o)
    0x08007250   0x00000154   Code   RO          764    x$fpl$dmul          fz_ws.l(dmul.o)
    0x080073a4   0x0000009c   Code   RO          874    x$fpl$dnaninf       fz_ws.l(dnaninf.o)
    0x08007440   0x0000000c   Code   RO          876    x$fpl$dretinf       fz_ws.l(dretinf.o)
    0x0800744c   0x00000016   Code   RO          755    x$fpl$drsb          fz_ws.l(daddsub_clz.o)
    0x08007462   0x00000002   PAD
    0x08007464   0x000001d4   Code   RO          756    x$fpl$dsub          fz_ws.l(daddsub_clz.o)
    0x08007638   0x00000056   Code   RO          766    x$fpl$f2d           fz_ws.l(f2d.o)
    0x0800768e   0x00000002   PAD
    0x08007690   0x000000c4   Code   RO          768    x$fpl$fadd          fz_ws.l(faddsub_clz.o)
    0x08007754   0x00000018   Code   RO          878    x$fpl$fcmpinf       fz_ws.l(fcmpi.o)
    0x0800776c   0x00000184   Code   RO          775    x$fpl$fdiv          fz_ws.l(fdiv.o)
    0x080078f0   0x00000036   Code   RO          778    x$fpl$ffix          fz_ws.l(ffix.o)
    0x08007926   0x00000002   PAD
    0x08007928   0x0000003e   Code   RO          782    x$fpl$ffixu         fz_ws.l(ffixu.o)
    0x08007966   0x00000002   PAD
    0x08007968   0x00000030   Code   RO          787    x$fpl$fflt          fz_ws.l(fflt_clz.o)
    0x08007998   0x00000026   Code   RO          786    x$fpl$ffltu         fz_ws.l(fflt_clz.o)
    0x080079be   0x00000002   PAD
    0x080079c0   0x00000068   Code   RO          792    x$fpl$fleqf         fz_ws.l(fleqf.o)
    0x08007a28   0x0000008c   Code   RO          880    x$fpl$fnaninf       fz_ws.l(fnaninf.o)
    0x08007ab4   0x0000000a   Code   RO          882    x$fpl$fretinf       fz_ws.l(fretinf.o)
    0x08007abe   0x00000002   PAD
    0x08007ac0   0x000000ea   Code   RO          770    x$fpl$fsub          fz_ws.l(faddsub_clz.o)
    0x08007baa   0x00000004   Code   RO          794    x$fpl$printf1       fz_ws.l(printf1.o)
    0x08007bae   0x00000000   Code   RO          884    x$fpl$usenofp       fz_ws.l(usenofp.o)
    0x08007bae   0x000009d8   Data   RO          422    .constdata          oled.o
    0x08008586   0x00000011   Data   RO          724    .constdata          c_w.l(__printf_flags_ss_wp.o)
    0x08008597   0x00000001   PAD
    0x08008598   0x00000008   Data   RO          821    .constdata          c_w.l(_printf_wctomb.o)
    0x080085a0   0x00000028   Data   RO          850    .constdata          c_w.l(_printf_hex_int_ll_ptr.o)
    0x080085c8   0x00000094   Data   RO          921    .constdata          c_w.l(bigflt0.o)
    0x0800865c   0x0000005d   Data   RO          560    .conststring        main.o
    0x080086b9   0x00000003   PAD
    0x080086bc   0x00000020   Data   RO         1095    Region$$Table       anon$$obj.o
    0x080086dc   0x0000001c   Data   RO          947    locale$$data        c_w.l(lc_numeric_c.o)
    0x080086f8   0x00000110   Data   RO          958    locale$$data        c_w.l(lc_ctype_c.o)


    Execution Region RW_IRAM1 (Base: 0x20000000, Size: 0x00000b10, Max: 0x00010000, ABSOLUTE)

    Base Addr    Size         Type   Attr      Idx    E Section Name        Object

    0x20000000   0x00000014   Data   RW          121    .data               system_stm32f10x.o
    0x20000014   0x00000014   Data   RW          196    .data               stm32f10x_rcc.o
    0x20000028   0x00000001   Data   RW          286    .data               beep.o
    0x20000029   0x00000001   PAD
    0x2000002a   0x00000004   Data   RW          304    .data               delay.o
    0x2000002e   0x00000002   PAD
    0x20000030   0x00000008   Data   RW          319    .data               hwtimer.o
    0x20000038   0x00000002   Data   RW          349    .data               i2c.o
    0x2000003a   0x00000001   Data   RW          388    .data               key.o
    0x2000003b   0x00000004   Data   RW          404    .data               led.o
    0x2000003f   0x00000001   PAD
    0x20000040   0x00000002   Data   RW          450    .data               selfcheck.o
    0x20000042   0x00000002   PAD
    0x20000044   0x0000000d   Data   RW          473    .data               sht20.o
    0x20000051   0x00000003   PAD
    0x20000054   0x00000008   Data   RW          527    .data               tcrt5000.o
    0x2000005c   0x00000085   Data   RW          561    .data               main.o
    0x200000e1   0x00000002   Data   RW          604    .data               fault.o
    0x200000e3   0x00000019   Data   RW          623    .data               onenet.o
    0x200000fc   0x00000004   Data   RW          665    .data               net_device.o
    0x20000100   0x00000010   Zero   RW          246    .bss                adxl345.o
    0x20000110   0x00000097   Zero   RW          491    .bss                usart.o
    0x200001a7   0x00000001   PAD
    0x200001a8   0x00000104   Zero   RW          647    .bss                net_io.o
    0x200002ac   0x00000060   Zero   RW          886    .bss                c_w.l(libspace.o)
    0x2000030c   0x00000004   PAD
    0x20000310   0x00000400   Zero   RW          139    HEAP                startup_stm32f10x_hd.o
    0x20000710   0x00000400   Zero   RW          138    STACK               startup_stm32f10x_hd.o


==============================================================================

Image component sizes


      Code (inc. data)   RO Data    RW Data    ZI Data      Debug   Object Name

       412         36          0          0          0       1907   adc.o
       376         14          0          0         16       1727   adxl345.o
        72         10          0          1          0       1308   beep.o
         0          0          0          0          0       4540   core_cm3.o
       244         10          0          4          0       1528   delay.o
       304        112          0          2          0        916   fault.o
       452         34          0          8          0       3760   hwtimer.o
      1076         32          0          2          0       4672   i2c.o
       412         14          0          1          0       1556   key.o
       588         36          0          0          0       2085   lcd1602.o
       252         14          0          4          0       1923   led.o
      1496        338         93        133          0       2404   main.o
       220         22          0          0          0     215665   misc.o
      1664        520          0          4          0       5006   net_device.o
       352         14          0          0        260       2217   net_io.o
      1112         24       2520          0          0       5650   oled.o
      1716        428          0         25          0       4812   onenet.o
       344        136          0          2          0       1348   selfcheck.o
       736         50          0         13          0       3923   sht20.o
        64         26        304          0       2048        832   startup_stm32f10x_hd.o
      1102         26          0          0          0      11041   stm32f10x_adc.o
       860         38          0          0          0       5737   stm32f10x_gpio.o
       308        248          0          0          0      44971   stm32f10x_it.o
       940         44          0         20          0       8932   stm32f10x_rcc.o
      3610         88          0          0          0      22844   stm32f10x_tim.o
      1032         22          0          0          0       8460   stm32f10x_usart.o
       488         46          0         20          0       1863   system_stm32f10x.o
       148         18          0          8          0       1619   tcrt5000.o
       544         16          0          0        151       3121   usart.o

    ----------------------------------------------------------------------
     20928       2416       2952        256       2476     376367   Object Totals
         0          0         32          0          0          0   (incl. Generated)
         4          0          3          9          1          0   (incl. Padding)

    ----------------------------------------------------------------------

      Code (inc. data)   RO Data    RW Data    ZI Data      Debug   Library Member Name

        56          6          0          0          0         88   __2snprintf.o
        44          6          0          0          0         84   __2sprintf.o
         8          0          0          0          0         68   __main.o
       392          4         17          0          0         92   __printf_flags_ss_wp.o
        14          0          0          0          0         68   __printf_wp.o
         0          0          0          0          0          0   __rtentry.o
        12          0          0          0          0          0   __rtentry2.o
         6          0          0          0          0          0   __rtentry4.o
        52          8          0          0          0          0   __scatter.o
        26          0          0          0          0          0   __scatter_copy.o
        28          0          0          0          0          0   __scatter_zi.o
        28          0          0          0          0         68   _chval.o
         6          0          0          0          0          0   _printf_a.o
         6          0          0          0          0          0   _printf_c.o
        44          0          0          0          0        108   _printf_char.o
        48          6          0          0          0         96   _printf_char_common.o
        40          0          0          0          0         68   _printf_charcount.o
         6          0          0          0          0          0   _printf_d.o
       120         16          0          0          0         92   _printf_dec.o
         6          0          0          0          0          0   _printf_e.o
         6          0          0          0          0          0   _printf_f.o
      1050          0          0          0          0        216   _printf_fp_dec.o
       128         16          0          0          0         84   _printf_fp_infnan.o
         6          0          0          0          0          0   _printf_g.o
       148          4         40          0          0        160   _printf_hex_int_ll_ptr.o
         6          0          0          0          0          0   _printf_i.o
       178          0          0          0          0         88   _printf_intcommon.o
        10          0          0          0          0          0   _printf_l.o
         6          0          0          0          0          0   _printf_lc.o
        10          0          0          0          0          0   _printf_ll.o
         6          0          0          0          0          0   _printf_lld.o
         6          0          0          0          0          0   _printf_lli.o
         6          0          0          0          0          0   _printf_llo.o
         6          0          0          0          0          0   _printf_llu.o
         6          0          0          0          0          0   _printf_llx.o
       124         16          0          0          0         92   _printf_longlong_dec.o
         6          0          0          0          0          0   _printf_ls.o
         6          0          0          0          0          0   _printf_n.o
         6          0          0          0          0          0   _printf_o.o
       112         10          0          0          0        124   _printf_oct_int_ll.o
         6          0          0          0          0          0   _printf_p.o
        78          0          0          0          0        108   _printf_pad.o
         0          0          0          0          0          0   _printf_percent.o
         4          0          0          0          0          0   _printf_percent_end.o
         6          0          0          0          0          0   _printf_s.o
        82          0          0          0          0         80   _printf_str.o
        36          0          0          0          0         84   _printf_truncate.o
         6          0          0          0          0          0   _printf_u.o
        44          0          0          0          0        108   _printf_wchar.o
       188          6          8          0          0         92   _printf_wctomb.o
         6          0          0          0          0          0   _printf_x.o
        16          0          0          0          0         68   _snputc.o
        10          0          0          0          0         68   _sputc.o
       158          0          0          0          0         92   _strtoul.o
        64          0          0          0          0         92   _wcrtomb.o
        26          0          0          0          0         80   atoi.o
       220          4        148          0          0         96   bigflt0.o
      1910        128          0          0          0        672   btod.o
        52          4          0          0          0         80   c89vsnprintf.o
        36          4          0          0          0         76   c89vsprintf.o
        18          0          0          0          0         80   exit.o
         6          0          0          0          0        152   heapauxi.o
         0          0          0          0          0          0   indicate_semi.o
        44         10        272          0          0         76   lc_ctype_c.o
        44         10         28          0          0         76   lc_numeric_c.o
         2          0          0          0          0          0   libinit.o
        30          0          0          0          0          0   libinit2.o
         2          0          0          0          0          0   libshutdown.o
         2          0          0          0          0          0   libshutdown2.o
         8          4          0          0         96         68   libspace.o
       138          0          0          0          0         80   lludiv10.o
        16          4          0          0          0         76   rt_ctype_table.o
         8          4          0          0          0         68   rt_errno_addr_intlibspace.o
         8          4          0          0          0         68   rt_locale_intlibspace.o
        68          0          0          0          0         68   rt_memclr.o
        78          0          0          0          0         80   rt_memclr_w.o
         2          0          0          0          0          0   rtexit.o
        10          0          0          0          0          0   rtexit2.o
        24          0          0          0          0         68   strcat.o
       128          0          0          0          0         68   strcmpv7m.o
        72          0          0          0          0         80   strcpy.o
        62          0          0          0          0         76   strlen.o
        36          0          0          0          0         76   strncat.o
        86          0          0          0          0         76   strncpy.o
        36          0          0          0          0         80   strstr.o
       112          0          0          0          0         88   strtol.o
        12          4          0          0          0         68   sys_exit.o
        74          0          0          0          0         80   sys_stackheap_outer.o
         2          0          0          0          0         68   use_no_semi.o
        98          4          0          0          0         92   d2f.o
       826         16          0          0          0        348   daddsub_clz.o
       688        140          0          0          0        208   ddiv.o
       340         12          0          0          0        104   dmul.o
       156          4          0          0          0         92   dnaninf.o
        12          0          0          0          0         68   dretinf.o
        86          4          0          0          0         84   f2d.o
       430          8          0          0          0        168   faddsub_clz.o
        24          0          0          0          0         68   fcmpi.o
       388         76          0          0          0         96   fdiv.o
        54          4          0          0          0         84   ffix.o
        62          4          0          0          0         84   ffixu.o
        86          0          0          0          0        136   fflt_clz.o
       104          4          0          0          0         84   fleqf.o
       140          4          0          0          0         84   fnaninf.o
        10          0          0          0          0         68   fretinf.o
         4          0          0          0          0         68   printf1.o
         0          0          0          0          0          0   usenofp.o
        40          0          0          0          0         68   fpclassify.o

    ----------------------------------------------------------------------
     10430        558        514          0        100       7116   Library Totals
        32          0          1          0          4          0   (incl. Padding)

    ----------------------------------------------------------------------

      Code (inc. data)   RO Data    RW Data    ZI Data      Debug   Library Name

      6850        278        513          0         96       5112   c_w.l
      3508        280          0          0          0       1936   fz_ws.l
        40          0          0          0          0         68   m_ws.l

    ----------------------------------------------------------------------
     10430        558        514          0        100       7116   Library Totals

    ----------------------------------------------------------------------

==============================================================================


      Code (inc. data)   RO Data    RW Data    ZI Data      Debug   

     31358       2974       3466        256       2576     377291   Grand Totals
     31358       2974       3466        256       2576     377291   ELF Image Totals
     31358       2974       3466        256          0          0   ROM Totals

==============================================================================

    Total RO  Size (Code + RO Data)                34824 (  34.01kB)
    Total RW  Size (RW Data + ZI Data)              2832 (   2.77kB)
    Total ROM Size (Code + RO Data + RW Data)      35080 (  34.26kB)

==============================================================================

