<html>
<body>
<pre>
<h1>礦ision Build Log</h1>
<h2>Tool Versions:</h2>
IDE-Version: μVision V5.22.0.0
Copyright (C) 2016 ARM Ltd and ARM Germany GmbH. All rights reserved.
License Information: klren Dell, zzes, LIC=4ZLKP-MEI5V-KSBYM-X2RW3-Q16V5-ZNPTY
 
Tool Versions:
Toolchain:       MDK-ARM Professional  Version: 5.22
Toolchain Path:  E:\Keil_v5\ARM\ARMCC\Bin
C Compiler:      Armcc.exe V5.06 update 4 (build 422)
Assembler:       Armasm.exe V5.06 update 4 (build 422)
Linker/Locator:  ArmLink.exe V5.06 update 4 (build 422)
Library Manager: ArmAr.exe V5.06 update 4 (build 422)
Hex Converter:   FromElf.exe V5.06 update 4 (build 422)
CPU DLL:         SARMCM3.DLL V5.22
Dialog DLL:      DCM.DLL V1.13.9.0
Target DLL:      STLink\ST-LINKIII-KEIL_SWO.dll V2.0.18.0
Dialog DLL:      TCM.DLL V1.21.0.0
 
<h2>Project:</h2>
D:\OneNET\麒麟座V2.3\kyLin-V2.3内容一改非原版\2.麒麟座V2.3综合应用代码-HTTP\stm32f103.uvproj
Project File Date:  03/28/2017

<h2>Output:</h2>
*** Using Compiler 'V5.06 update 4 (build 422)', folder: 'E:\Keil_v5\ARM\ARMCC\Bin'
Rebuild target 'onenet-edp'
compiling core_cm3.c...
assembling startup_stm32f10x_hd.s...
compiling stm32f10x_it.c...
compiling system_stm32f10x.c...
compiling misc.c...
compiling stm32f10x_gpio.c...
compiling stm32f10x_rcc.c...
compiling stm32f10x_adc.c...
compiling stm32f10x_usart.c...
compiling stm32f10x_tim.c...
compiling at24c02.c...
compiling adxl345.c...
compiling beep.c...
compiling delay.c...
compiling hwtimer.c...
compiling info.c...
compiling i2c.c...
compiling key.c...
compiling led.c...
compiling oled.c...
hardware\src\oled.c(439): warning:  #223-D: function "vsprintf" declared implicitly
  	vsprintf((char *)OledPrintfBuf, fmt, ap);
hardware\src\oled.c: 2 warnings, 0 errors
#223-D: function "vsprintf" declared implicitly
  	vsprintf((char *)OledPrintfBuf, fmt, ap);
compiling sht20.c...
compiling selfcheck.c...
compiling usart.c...
hardware\src\usart.c(197): warning:  #223-D: function "vsnprintf" declared implicitly
  	vsnprintf((char *)UsartPrintfBuf, sizeof(UsartPrintfBuf), fmt, ap);							//格式化
hardware\src\usart.c: 1 warning, 0 errors
compiling adc.c...
compiling tcrt5000.c...
compiling lcd1602.c...
hardware\src\lcd1602.c(284): warning:  #223-D: function "vsprintf" declared implicitly
  	vsprintf((char *)LcdPrintfBuf, fmt, ap);
hardware\src\lcd1602.c: 1 warning, 0 errors
compiling main.c...
compiling fault.c...
compiling onenet.c...
compiling net_io.c...
compiling net_device.c...
linking...
Program Size: Code=31358 RO-data=3466 RW-data=256 ZI-data=2576  
FromELF: creating hex file...
".\output\stm32f103.axf" - 0 Error(s), 3 Warning(s).
Build Time Elapsed:  00:00:08
</pre>
</body>
</html>
